###############################################################################
#
# IAR ELF Linker V7.70.1.11437/W32 for ARM                27/Jul/2017  16:04:54
# Copyright 2007-2016 IAR Systems AB.
#
#    Output file  =  
#        D:\work\PNI\Placepod\code\RC4_USA\ParkingXDotHost\EWARM\ParkingXdot\Exe\ParkingXdot.out
#    Map file     =  
#        D:\work\PNI\Placepod\code\RC4_USA\ParkingXDotHost\EWARM\ParkingXdot\List\ParkingXdot.map
#    Command line =  
#        D:\work\PNI\Placepod\code\RC4_USA\ParkingXDotHost\EWARM\ParkingXdot\Obj\adc.o
#        D:\work\PNI\Placepod\code\RC4_USA\ParkingXDotHost\EWARM\ParkingXdot\Obj\adc_monitor.o
#        D:\work\PNI\Placepod\code\RC4_USA\ParkingXDotHost\EWARM\ParkingXdot\Obj\ble_list.o
#        D:\work\PNI\Placepod\code\RC4_USA\ParkingXDotHost\EWARM\ParkingXdot\Obj\bluenrg_gap_aci.o
#        D:\work\PNI\Placepod\code\RC4_USA\ParkingXDotHost\EWARM\ParkingXdot\Obj\bluenrg_gatt_aci.o
#        D:\work\PNI\Placepod\code\RC4_USA\ParkingXDotHost\EWARM\ParkingXdot\Obj\bluenrg_hal_aci.o
#        D:\work\PNI\Placepod\code\RC4_USA\ParkingXDotHost\EWARM\ParkingXdot\Obj\bluenrg_itf_template.o
#        D:\work\PNI\Placepod\code\RC4_USA\ParkingXDotHost\EWARM\ParkingXdot\Obj\bluenrg_l2cap_aci.o
#        D:\work\PNI\Placepod\code\RC4_USA\ParkingXDotHost\EWARM\ParkingXdot\Obj\bluenrg_updater_aci.o
#        D:\work\PNI\Placepod\code\RC4_USA\ParkingXDotHost\EWARM\ParkingXdot\Obj\bluenrg_utils.o
#        D:\work\PNI\Placepod\code\RC4_USA\ParkingXDotHost\EWARM\ParkingXdot\Obj\clock.o
#        D:\work\PNI\Placepod\code\RC4_USA\ParkingXDotHost\EWARM\ParkingXdot\Obj\crc.o
#        D:\work\PNI\Placepod\code\RC4_USA\ParkingXDotHost\EWARM\ParkingXdot\Obj\dma.o
#        D:\work\PNI\Placepod\code\RC4_USA\ParkingXDotHost\EWARM\ParkingXdot\Obj\gp_timer.o
#        D:\work\PNI\Placepod\code\RC4_USA\ParkingXDotHost\EWARM\ParkingXdot\Obj\gpio.o
#        D:\work\PNI\Placepod\code\RC4_USA\ParkingXDotHost\EWARM\ParkingXdot\Obj\hci.o
#        D:\work\PNI\Placepod\code\RC4_USA\ParkingXDotHost\EWARM\ParkingXdot\Obj\hmac.o
#        D:\work\PNI\Placepod\code\RC4_USA\ParkingXDotHost\EWARM\ParkingXdot\Obj\i2c.o
#        D:\work\PNI\Placepod\code\RC4_USA\ParkingXDotHost\EWARM\ParkingXdot\Obj\lptim.o
#        D:\work\PNI\Placepod\code\RC4_USA\ParkingXDotHost\EWARM\ParkingXdot\Obj\main.o
#        D:\work\PNI\Placepod\code\RC4_USA\ParkingXDotHost\EWARM\ParkingXdot\Obj\mcp9808.o
#        D:\work\PNI\Placepod\code\RC4_USA\ParkingXDotHost\EWARM\ParkingXdot\Obj\mcp9808_l0xx.o
#        D:\work\PNI\Placepod\code\RC4_USA\ParkingXDotHost\EWARM\ParkingXdot\Obj\md5.o
#        D:\work\PNI\Placepod\code\RC4_USA\ParkingXDotHost\EWARM\ParkingXdot\Obj\osal.o
#        D:\work\PNI\Placepod\code\RC4_USA\ParkingXDotHost\EWARM\ParkingXdot\Obj\park_temp_sns_mcp9808.o
#        D:\work\PNI\Placepod\code\RC4_USA\ParkingXDotHost\EWARM\ParkingXdot\Obj\parking_buffer.o
#        D:\work\PNI\Placepod\code\RC4_USA\ParkingXDotHost\EWARM\ParkingXdot\Obj\parking_fsm.o
#        D:\work\PNI\Placepod\code\RC4_USA\ParkingXDotHost\EWARM\ParkingXdot\Obj\parking_module.o
#        D:\work\PNI\Placepod\code\RC4_USA\ParkingXDotHost\EWARM\ParkingXdot\Obj\parking_sensor_rti.o
#        D:\work\PNI\Placepod\code\RC4_USA\ParkingXDotHost\EWARM\ParkingXdot\Obj\pni_fota.o
#        D:\work\PNI\Placepod\code\RC4_USA\ParkingXDotHost\EWARM\ParkingXdot\Obj\ProgramEEPROM.o
#        D:\work\PNI\Placepod\code\RC4_USA\ParkingXDotHost\EWARM\ParkingXdot\Obj\rtc.o
#        D:\work\PNI\Placepod\code\RC4_USA\ParkingXDotHost\EWARM\ParkingXdot\Obj\SENtralA2.o
#        D:\work\PNI\Placepod\code\RC4_USA\ParkingXDotHost\EWARM\ParkingXdot\Obj\spi.o
#        D:\work\PNI\Placepod\code\RC4_USA\ParkingXDotHost\EWARM\ParkingXdot\Obj\spi_flash.o
#        D:\work\PNI\Placepod\code\RC4_USA\ParkingXDotHost\EWARM\ParkingXdot\Obj\startup_stm32l073xx.o
#        D:\work\PNI\Placepod\code\RC4_USA\ParkingXDotHost\EWARM\ParkingXdot\Obj\stm32_bluenrg_ble.o
#        D:\work\PNI\Placepod\code\RC4_USA\ParkingXDotHost\EWARM\ParkingXdot\Obj\stm32l0xx_hal.o
#        D:\work\PNI\Placepod\code\RC4_USA\ParkingXDotHost\EWARM\ParkingXdot\Obj\stm32l0xx_hal_adc.o
#        D:\work\PNI\Placepod\code\RC4_USA\ParkingXDotHost\EWARM\ParkingXdot\Obj\stm32l0xx_hal_adc_ex.o
#        D:\work\PNI\Placepod\code\RC4_USA\ParkingXDotHost\EWARM\ParkingXdot\Obj\stm32l0xx_hal_cortex.o
#        D:\work\PNI\Placepod\code\RC4_USA\ParkingXDotHost\EWARM\ParkingXdot\Obj\stm32l0xx_hal_crc.o
#        D:\work\PNI\Placepod\code\RC4_USA\ParkingXDotHost\EWARM\ParkingXdot\Obj\stm32l0xx_hal_crc_ex.o
#        D:\work\PNI\Placepod\code\RC4_USA\ParkingXDotHost\EWARM\ParkingXdot\Obj\stm32l0xx_hal_dma.o
#        D:\work\PNI\Placepod\code\RC4_USA\ParkingXDotHost\EWARM\ParkingXdot\Obj\stm32l0xx_hal_flash.o
#        D:\work\PNI\Placepod\code\RC4_USA\ParkingXDotHost\EWARM\ParkingXdot\Obj\stm32l0xx_hal_flash_ex.o
#        D:\work\PNI\Placepod\code\RC4_USA\ParkingXDotHost\EWARM\ParkingXdot\Obj\stm32l0xx_hal_flash_ramfunc.o
#        D:\work\PNI\Placepod\code\RC4_USA\ParkingXDotHost\EWARM\ParkingXdot\Obj\stm32l0xx_hal_gpio.o
#        D:\work\PNI\Placepod\code\RC4_USA\ParkingXDotHost\EWARM\ParkingXdot\Obj\stm32l0xx_hal_i2c.o
#        D:\work\PNI\Placepod\code\RC4_USA\ParkingXDotHost\EWARM\ParkingXdot\Obj\stm32l0xx_hal_i2c_ex.o
#        D:\work\PNI\Placepod\code\RC4_USA\ParkingXDotHost\EWARM\ParkingXdot\Obj\stm32l0xx_hal_lptim.o
#        D:\work\PNI\Placepod\code\RC4_USA\ParkingXDotHost\EWARM\ParkingXdot\Obj\stm32l0xx_hal_msp.o
#        D:\work\PNI\Placepod\code\RC4_USA\ParkingXDotHost\EWARM\ParkingXdot\Obj\stm32l0xx_hal_pwr.o
#        D:\work\PNI\Placepod\code\RC4_USA\ParkingXDotHost\EWARM\ParkingXdot\Obj\stm32l0xx_hal_pwr_ex.o
#        D:\work\PNI\Placepod\code\RC4_USA\ParkingXDotHost\EWARM\ParkingXdot\Obj\stm32l0xx_hal_rcc.o
#        D:\work\PNI\Placepod\code\RC4_USA\ParkingXDotHost\EWARM\ParkingXdot\Obj\stm32l0xx_hal_rcc_ex.o
#        D:\work\PNI\Placepod\code\RC4_USA\ParkingXDotHost\EWARM\ParkingXdot\Obj\stm32l0xx_hal_rtc.o
#        D:\work\PNI\Placepod\code\RC4_USA\ParkingXDotHost\EWARM\ParkingXdot\Obj\stm32l0xx_hal_rtc_ex.o
#        D:\work\PNI\Placepod\code\RC4_USA\ParkingXDotHost\EWARM\ParkingXdot\Obj\stm32l0xx_hal_spi.o
#        D:\work\PNI\Placepod\code\RC4_USA\ParkingXDotHost\EWARM\ParkingXdot\Obj\stm32l0xx_hal_tim.o
#        D:\work\PNI\Placepod\code\RC4_USA\ParkingXDotHost\EWARM\ParkingXdot\Obj\stm32l0xx_hal_tim_ex.o
#        D:\work\PNI\Placepod\code\RC4_USA\ParkingXDotHost\EWARM\ParkingXdot\Obj\stm32l0xx_hal_uart.o
#        D:\work\PNI\Placepod\code\RC4_USA\ParkingXDotHost\EWARM\ParkingXdot\Obj\stm32l0xx_hal_uart_ex.o
#        D:\work\PNI\Placepod\code\RC4_USA\ParkingXDotHost\EWARM\ParkingXdot\Obj\stm32l0xx_hal_wwdg.o
#        D:\work\PNI\Placepod\code\RC4_USA\ParkingXDotHost\EWARM\ParkingXdot\Obj\stm32l0xx_it.o
#        D:\work\PNI\Placepod\code\RC4_USA\ParkingXDotHost\EWARM\ParkingXdot\Obj\system_stm32l0xx.o
#        D:\work\PNI\Placepod\code\RC4_USA\ParkingXDotHost\EWARM\ParkingXdot\Obj\usart.o
#        D:\work\PNI\Placepod\code\RC4_USA\ParkingXDotHost\EWARM\ParkingXdot\Obj\wwdg.o
#        D:\work\PNI\Placepod\code\RC4_USA\ParkingXDotHost\EWARM\ParkingXdot\Obj\xdot.o
#        D:\work\PNI\Placepod\code\RC4_USA\ParkingXDotHost\EWARM\ParkingXdot\Obj\xdot_at_cmd.o
#        D:\work\PNI\Placepod\code\RC4_USA\ParkingXDotHost\EWARM\ParkingXdot\Obj\xdot_at_resp.o
#        D:\work\PNI\Placepod\code\RC4_USA\ParkingXDotHost\EWARM\ParkingXdot\Obj\xdot_hex.o
#        --redirect _Printf=_PrintfFull --redirect _Scanf=_ScanfFull -o
#        D:\work\PNI\Placepod\code\RC4_USA\ParkingXDotHost\EWARM\ParkingXdot\Exe\ParkingXdot.out
#        --map
#        D:\work\PNI\Placepod\code\RC4_USA\ParkingXDotHost\EWARM\ParkingXdot\List\ParkingXdot.map
#        --config
#        D:\work\PNI\Placepod\code\RC4_USA\ParkingXDotHost\EWARM/stm32l073xx_flash.icf
#        --semihosting --entry __iar_program_start --vfe
#
###############################################################################

*******************************************************************************
*** RUNTIME MODEL ATTRIBUTES
***

CppFlavor                     = *
__Heap_Handler                = Basic
__SystemLibrary               = DLib
__dlib_dynamic_initialization = normal


*******************************************************************************
*** PLACEMENT SUMMARY
***

"A0":  place at 0x08005000 { ro section .intvec };
"P1":  place in [from 0x08005000 to 0x0802ffff] { ro };
"P2":  place in [from 0x20000000 to 0x20004fff] { rw, block CSTACK, block HEAP };
initialize by copy { rw };

  Section             Kind        Address     Size  Object
  -------             ----        -------     ----  ------
"A0":                                         0xc0
  .intvec             ro code  0x08005000     0xc0  startup_stm32l073xx.o [1]
                             - 0x080050c0     0xc0

"P1":                                      0x11538
  .text               ro code  0x080050c0   0x1404  pni_fota.o [1]
  .text               ro code  0x080064c4     0x18  stm32l0xx_hal.o [1]
  .text               ro code  0x080064dc     0x5c  ABImemcpy.o [5]
  .text               ro code  0x08006538    0x1f8  bluenrg_gatt_aci.o [1]
  .text               ro code  0x08006730     0x24  printf.o [3]
  .text               ro code  0x08006754    0x890  ProgramEEPROM.o [1]
  .text               ro code  0x08006fe4    0xac0  SENtralA2.o [1]
  .text               ro code  0x08007aa4     0x64  clock.o [1]
  .text               ro code  0x08007b08    0x2bc  spi_flash.o [1]
  .text               ro code  0x08007dc4     0xd2  stm32l0xx_hal_cortex.o [1]
  .text               ro code  0x08007e96     0xe0  I32DivModFast.o [5]
  .text               ro code  0x08007f76     0x7e  lz77_init_single.o [5]
  .text               ro code  0x08007ff4    0x160  stm32l0xx_hal_crc.o [1]
  .text               ro code  0x08008154    0x370  bluenrg_utils.o [1]
  .text               ro code  0x080084c4     0x56  bluenrg_l2cap_aci.o [1]
  .text               ro code  0x0800851a      0x2  startup_stm32l073xx.o [1]
  .text               ro code  0x0800851c    0x794  parking_fsm.o [1]
  .text               ro code  0x08008cb0    0x3e4  hci.o [1]
  .text               ro code  0x08009094    0x20a  bluenrg_gap_aci.o [1]
  .text               ro code  0x0800929e      0x2  startup_stm32l073xx.o [1]
  .text               ro code  0x080092a0      0xc  stm32l0xx_hal.o [1]
  .text               ro code  0x080092ac     0x20  osal.o [1]
  .text               ro code  0x080092cc   0x12b2  xprintffull.o [3]
  .text               ro code  0x0800a57e      0x2  startup_stm32l073xx.o [1]
  .text               ro code  0x0800a580    0xee6  stm32l0xx_hal_i2c.o [1]
  .text               ro code  0x0800b466      0x2  startup_stm32l073xx.o [1]
  .text               ro code  0x0800b468     0x58  ABImemset.o [5]
  .text               ro code  0x0800b4c0    0xe34  main.o [1]
  .text               ro code  0x0800c2f4     0x14  uwrite4.o [5]
  .text               ro code  0x0800c308     0x32  stm32l0xx_hal_wwdg.o [1]
  .text               ro code  0x0800c33a      0x2  startup_stm32l073xx.o [1]
  .text               ro code  0x0800c33c    0x10c  spi.o [1]
  .text               ro code  0x0800c448    0x2f0  stm32l0xx_hal_gpio.o [1]
  .text               ro code  0x0800c738    0x444  stm32l0xx_hal_spi.o [1]
  .text               ro code  0x0800cb7c      0x2  IntDivZer.o [5]
  .text               ro code  0x0800cb7e      0x2  startup_stm32l073xx.o [1]
  .text               ro code  0x0800cb80     0x50  crc.o [1]
  .text               ro code  0x0800cbd0     0x44  stm32l0xx_hal_crc_ex.o [1]
  .text               ro code  0x0800cc14    0x268  stm32_bluenrg_ble.o [1]
  .text               ro code  0x0800ce7c    0x1b6  bluenrg_updater_aci.o [1]
  .text               ro code  0x0800d032      0x2  startup_stm32l073xx.o [1]
  .text               ro code  0x0800d034     0x1c  stm32l0xx_hal_pwr_ex.o [1]
  .text               ro code  0x0800d050    0x280  rtc.o [1]
  .text               ro code  0x0800d2d0     0x60  stm32l0xx_hal_pwr.o [1]
  .text               ro code  0x0800d330    0x222  stm32l0xx_hal_rtc_ex.o [1]
  .text               ro code  0x0800d552      0x2  startup_stm32l073xx.o [1]
  .text               ro code  0x0800d554    0x65e  stm32l0xx_hal_rtc.o [1]
  .text               ro code  0x0800dbb2      0x2  startup_stm32l073xx.o [1]
  .text               ro code  0x0800dbb4    0xb98  parking_module.o [1]
  .text               ro code  0x0800e74c     0x10  stm32l0xx_hal.o [1]
  .text               ro code  0x0800e75c     0x10  stm32l0xx_hal.o [1]
  .text               ro code  0x0800e76c     0xe8  xdot_hex.o [1]
  .text               ro code  0x0800e854     0x9a  hmac.o [1]
  .text               ro code  0x0800e8ee     0xb8  ble_list.o [1]
  .text               ro code  0x0800e9a6     0x28  gp_timer.o [1]
  .text               ro code  0x0800e9ce     0x1c  xmbtowc.o [3]
  .text               ro code  0x0800e9ea     0x14  strchr.o [5]
  .text               ro code  0x0800e9fe     0x10  strlen.o [5]
  .text               ro code  0x0800ea0e     0x18  memchr.o [5]
  .text               ro code  0x0800ea26      0xa  xmbcurmax.o [3]
  .text               ro code  0x0800ea30     0xb8  xxmemxmalloc.o [3]
  .text               ro code  0x0800eae8     0x18  xwctomb.o [3]
  .text               ro code  0x0800eb00     0x88  xxmemxfree.o [3]
  .text               ro code  0x0800eb88     0x6a  I64DivMod.o [5]
  .text               ro code  0x0800ebf2     0x32  DblCmpLe.o [4]
  .text               ro code  0x0800ec24     0x32  DblCmpGe.o [4]
  .text               ro code  0x0800ec56      0x2  startup_stm32l073xx.o [1]
  .text               ro code  0x0800ec58     0x80  xdscale.o [4]
  .text               ro code  0x0800ecd8     0x52  DblToI32.o [4]
  .text               ro code  0x0800ed2a      0x2  startup_stm32l073xx.o [1]
  .text               ro code  0x0800ed2c     0x34  I32ToDbl.o [4]
  .text               ro code  0x0800ed60    0x1b4  DblAddSub.o [4]
  .text               ro code  0x0800ef14    0x184  DblMul.o [4]
  .text               ro code  0x0800f098     0xc2  DblDiv.o [4]
  .text               ro code  0x0800f15a      0x2  startup_stm32l073xx.o [1]
  .text               ro code  0x0800f15c     0x68  localeconv.o [3]
  .text               ro code  0x0800f1c4     0x20  div.o [3]
  .text               ro code  0x0800f1e4    0x100  i2c.o [1]
  .text               ro code  0x0800f2e4      0x2  stm32l0xx_hal_i2c.o [1]
  .text               ro code  0x0800f2e6      0x2  stm32l0xx_hal_i2c.o [1]
  .text               ro code  0x0800f2e8      0x2  stm32l0xx_hal_i2c.o [1]
  .text               ro code  0x0800f2ea      0x2  stm32l0xx_hal_i2c.o [1]
  .text               ro code  0x0800f2ec    0x4a4  stm32l0xx_hal_dma.o [1]
  .text               ro code  0x0800f790      0x2  stm32l0xx_hal_i2c.o [1]
  .text               ro code  0x0800f792      0x2  stm32l0xx_hal_i2c.o [1]
  .text               ro code  0x0800f794   0x122c  xdot.o [1]
  .text               ro code  0x080109c0     0x16  uread4.o [5]
  .text               ro code  0x080109d6      0x2  startup_stm32l073xx.o [1]
  .text               ro code  0x080109d8     0x20  stm32l0xx_hal.o [1]
  .text               ro code  0x080109f8    0x18c  gpio.o [1]
  .text               ro code  0x08010b84     0x3c  dma.o [1]
  .text               ro code  0x08010bc0     0xe4  adc.o [1]
  .text               ro code  0x08010ca4     0x4c  lptim.o [1]
  .text               ro code  0x08010cf0    0x1a0  usart.o [1]
  .text               ro code  0x08010e90     0x48  wwdg.o [1]
  .text               ro code  0x08010ed8     0xfc  adc_monitor.o [1]
  .text               ro code  0x08010fd4     0xac  mcp9808_l0xx.o [1]
  .text               ro code  0x08011080     0x6c  park_temp_sns_mcp9808.o [1]
  .text               ro code  0x080110ec     0xcc  parking_buffer.o [1]
  .text               ro code  0x080111b8    0x3a0  parking_sensor_rti.o [1]
  .text               ro code  0x08011558    0x6dc  stm32l0xx_hal_rcc.o [1]
  .text               ro code  0x08011c34    0x398  stm32l0xx_hal_rcc_ex.o [1]
  .text               ro code  0x08011fcc    0x984  stm32l0xx_hal_uart.o [1]
  .text               ro code  0x08012950    0x114  bluenrg_hal_aci.o [1]
  .text               ro code  0x08012a64    0x1b0  stm32l0xx_it.o [1]
  .text               ro code  0x08012c14      0x2  stm32l0xx_hal_rtc_ex.o [1]
  .text               ro code  0x08012c16      0x2  startup_stm32l073xx.o [1]
  .text               ro code  0x08012c18     0x32  FltToDbl.o [4]
  .text               ro code  0x08012c4a      0x2  startup_stm32l073xx.o [1]
  .text               ro code  0x08012c4c     0x28  FltCmpGe.o [4]
  .text               ro code  0x08012c74     0x3a  FltToS32.o [4]
  .text               ro code  0x08012cae      0x2  startup_stm32l073xx.o [1]
  .text               ro code  0x08012cb0     0x36  I32ToFlt.o [4]
  .text               ro code  0x08012ce6      0x2  startup_stm32l073xx.o [1]
  .text               ro code  0x08012ce8    0x926  md5.o [1]
  .text               ro code  0x0801360e      0x2  startup_stm32l073xx.o [1]
  .text               ro code  0x08013610     0x24  setlocale.o [3]
  .text               ro code  0x08013634     0x50  xencoding_sb.o [3]
  .text               ro code  0x08013684     0x2c  xgetmemchunk.o [3]
  .text               ro code  0x080136b0      0x2  I64DivZer.o [5]
  .text               ro code  0x080136b2      0x2  xtls.o [3]
  .text               ro code  0x080136b4     0x50  stm32l0xx_hal_i2c_ex.o [1]
  .text               ro code  0x08013704     0xb0  xdot_at_resp.o [1]
  .text               ro code  0x080137b4     0xac  xdot_at_cmd.o [1]
  .text               ro code  0x08013860     0x48  snprintf.o [3]
  .text               ro code  0x080138a8     0x24  sscanf.o [3]
  .text               ro code  0x080138cc     0x28  stm32l0xx_hal.o [1]
  .text               ro code  0x080138f4     0x40  stm32l0xx_hal_msp.o [1]
  .text               ro code  0x08013934    0x57c  stm32l0xx_hal_adc.o [1]
  .text               ro code  0x08013eb0     0x88  stm32l0xx_hal_lptim.o [1]
  .text               ro code  0x08013f38     0xb0  FltMul.o [4]
  .text               ro code  0x08013fe8     0xaa  FltDiv.o [4]
  .text               ro code  0x08014092      0x2  startup_stm32l073xx.o [1]
  .text               ro code  0x08014094     0xac  stm32l0xx_hal_adc_ex.o [1]
  .text               ro code  0x08014140    0x10c  mcp9808.o [1]
  .text               ro code  0x0801424c      0x2  stm32l0xx_hal_uart.o [1]
  .text               ro code  0x0801424e      0x2  startup_stm32l073xx.o [1]
  .text               ro code  0x08014250      0x2  stm32l0xx_hal_uart_ex.o [1]
  .text               ro code  0x08014252      0x2  stm32l0xx_hal_uart.o [1]
  .text               ro code  0x08014254     0x10  stm32l0xx_hal.o [1]
  .text               ro code  0x08014264    0xd6e  xscanffull.o [3]
  .text               ro code  0x08014fd2      0x2  stm32l0xx_hal_adc.o [1]
  .text               ro code  0x08014fd4      0x2  stm32l0xx_hal_adc.o [1]
  .text               ro code  0x08014fd6    0x116  FltAddSub.o [4]
  .text               ro code  0x080150ec     0x3c  xwctob.o [3]
  .text               ro code  0x08015128     0x24  isxxx.o [3]
  .text               ro code  0x0801514c     0xba  xstoll.o [3]
  .text               ro code  0x08015206      0x2  startup_stm32l073xx.o [1]
  .text               ro code  0x08015208    0x1d0  xstoull.o [3]
  .text               ro code  0x080153d8    0x14e  xstold.o [4]
  .text               ro code  0x08015526     0x62  DblToFlt.o [4]
  .text               ro code  0x08015588     0x16  xlocale_c.o [3]
  .text               ro code  0x0801559e     0x14  xlocale_c.o [3]
  .text               ro code  0x080155b2      0x2  startup_stm32l073xx.o [1]
  .text               ro code  0x080155b4     0x10  errno.o [3]
  .text               ro code  0x080155c4     0x32  I64Mul.o [5]
  .text               ro code  0x080155f6     0x12  tolower.o [3]
  .text               ro code  0x08015608    0x10e  xstopfx.o [3]
  .text               ro code  0x08015716      0x2  startup_stm32l073xx.o [1]
  .text               ro code  0x08015718    0x1e0  xstoflt.o [3]
  .text               ro code  0x080158f8    0x1e8  xdtento.o [4]
  .text               ro code  0x08015ae0    0x22c  xstoxflt.o [3]
  .text               ro code  0x08015d0c      0xc  xlocale_c.o [3]
  .text               ro code  0x08015d18     0x24  DblCmpEq.o [4]
  .text               ro code  0x08015d3c     0x5c  xdunscal.o [4]
  .rodata             const    0x08015d98    0x22c  parking_module.o [1]
  .rodata             const    0x08015fc4    0x158  parking_fsm.o [1]
  .rodata             const    0x0801611c    0x128  main.o [1]
  .rodata             const    0x08016244     0xf4  xdot.o [1]
  .text               ro code  0x08016338     0x78  system_stm32l0xx.o [1]
  .text               ro code  0x080163b0     0x3c  zero_init3.o [5]
  .rodata             const    0x080163ec     0x28  xprintffull.o [3]
  .text               ro code  0x08016414     0x28  data_init.o [5]
  .text               ro code  0x0801643c     0x24  xsscin.o [3]
  .iar.init_table     const    0x08016460     0x20  - Linker created -
  .text               ro code  0x08016480     0x1c  xsnprout.o [3]
  .text               ro code  0x0801649c     0x1a  cmain.o [5]
  .text               ro code  0x080164b6      0x4  low_level_init.o [3]
  .text               ro code  0x080164ba      0x8  exit.o [3]
  .text               ro code  0x080164c4      0xa  cexit.o [5]
  .text               ro code  0x080164d0     0x14  exit.o [6]
  .text               ro code  0x080164e4     0x16  xprout.o [3]
  .text               ro code  0x080164fc     0x10  putchar.o [3]
  .text               ro code  0x0801650c     0x10  startup_stm32l073xx.o [1]
  .text               ro code  0x0801651c      0xc  cstartup_M.o [5]
  .rodata             const    0x08016528      0x8  system_stm32l0xx.o [1]
  .rodata             const    0x08016530      0x4  clock.o [1]
  .rodata             const    0x08016534      0x0  zero_init3.o [5]
  .rodata             const    0x08016534      0x0  lz77_init_single.o [5]
  Initializer bytes   const    0x08016534     0xc4  <for P2-1>
                             - 0x080165f8  0x11538

"P2", part 1 of 3:                          0x11a8
  P2-1                         0x20000000   0x11a8  <Init block>
    .data             inited   0x20000000     0x68  main.o [1]
    .data             inited   0x20000068     0x28  main.o [1]
    .data             inited   0x20000090    0xca8  parking_fsm.o [1]
    .data             inited   0x20000d38      0x4  system_stm32l0xx.o [1]
    .data             inited   0x20000d3c    0x224  xdot.o [1]
    .data             inited   0x20000f60    0x108  xdot.o [1]
    .data             inited   0x20001068     0x40  xfiles.o [3]
    __DLIB_PERTHREAD  inited   0x200010a8     0x88  localeconv.o [3]
    __DLIB_PERTHREAD  inited   0x20001130     0x74  setlocale.o [3]
    __DLIB_PERTHREAD  inited   0x200011a4      0x4  errno.o [3]
                             - 0x200011a8   0x11a8

"P2", part 2 of 3:                          0x1000
  CSTACK                       0x200011a8    0xa00  <Block>
    CSTACK            uninit   0x200011a8    0xa00  <Block tail>
  HEAP                         0x20001ba8    0x600  <Block>
    HEAP              uninit   0x20001ba8    0x600  <Block tail>
                             - 0x200021a8   0x1000

"P2", part 3 of 3:                           0xcdc
  .bss                zero     0x200021a8    0x2cc  hci.o [1]
  .bss                zero     0x20002474    0x248  main.o [1]
  .bss                zero     0x200026bc    0x100  pni_fota.o [1]
  .bss                zero     0x200027bc    0x100  usart.o [1]
  .bss                zero     0x200028bc    0x100  xdot.o [1]
  .bss                zero     0x200029bc     0x80  i2c.o [1]
  .bss                zero     0x20002a3c     0x70  usart.o [1]
  .bss                zero     0x20002aac     0x70  usart.o [1]
  .bss                zero     0x20002b1c     0x60  adc.o [1]
  .bss                zero     0x20002b7c     0x58  spi.o [1]
  .bss                zero     0x20002bd4     0x58  spi.o [1]
  .bss                zero     0x20002c2c     0x50  xfiles.o [3]
  .bss                zero     0x20002c7c     0x4c  i2c.o [1]
  .bss                zero     0x20002cc8     0x44  main.o [1]
  .bss                zero     0x20002d0c     0x3c  pni_fota.o [1]
  .bss                zero     0x20002d48     0x30  lptim.o [1]
  .bss                zero     0x20002d78     0x28  adc_monitor.o [1]
  .bss                zero     0x20002da0     0x28  main.o [1]
  .bss                zero     0x20002dc8     0x24  crc.o [1]
  .bss                zero     0x20002dec     0x24  rtc.o [1]
  .bss                zero     0x20002e10     0x1c  parking_module.o [1]
  .bss                zero     0x20002e2c     0x18  xdot_at_resp.o [1]
  .bss                zero     0x20002e44     0x14  wwdg.o [1]
  .bss                zero     0x20002e58      0x8  pni_fota.o [1]
  .bss                zero     0x20002e60      0x8  xxmemxmalloc.o [3]
  .bss                zero     0x20002e68      0x4  main.o [1]
  .bss                zero     0x20002e6c      0x4  pni_fota.o [1]
  .bss                zero     0x20002e70      0x4  ProgramEEPROM.o [1]
  .bss                zero     0x20002e74      0x4  spi_flash.o [1]
  .bss                zero     0x20002e78      0x4  stm32l0xx_hal.o [1]
  .bss                zero     0x20002e7c      0x4  xgetmemchunk.o [3]
  .bss                zero     0x20002e80      0x1  rtc.o [1]
  .bss                zero     0x20002e81      0x1  rtc.o [1]
  .bss                zero     0x20002e82      0x1  SENtralA2.o [1]
                             - 0x20002e83    0xcdb


*******************************************************************************
*** INIT TABLE
***

          Address     Size
          -------     ----
Zero (__iar_zero_init3)
    1 destination range, total size 0xcdb:
          0x200021a8   0xcdb

Copy/lz77 (__iar_lz77_init_single3)
    1 source range, total size 0xc4 (4% of destination):
          0x08016534    0xc4
    1 destination range, total size 0x11a8:
          0x20000000  0x11a8



*******************************************************************************
*** MODULE SUMMARY
***

    Module                   ro code  ro data  rw data
    ------                   -------  -------  -------
D:\work\PNI\Placepod\code\RC4_USA\ParkingXDotHost\EWARM\ParkingXdot\Obj: [1]
    ProgramEEPROM.o            2 192                 4
    SENtralA2.o                2 752                 1
    adc.o                        228                96
    adc_monitor.o                252                40
    ble_list.o                   184
    bluenrg_gap_aci.o            522
    bluenrg_gatt_aci.o           504
    bluenrg_hal_aci.o            276
    bluenrg_l2cap_aci.o           86
    bluenrg_updater_aci.o        438
    bluenrg_utils.o              880
    clock.o                      100        4
    crc.o                         80                36
    dma.o                         60
    gp_timer.o                    40
    gpio.o                       396
    hci.o                        996               716
    hmac.o                       154
    i2c.o                        256               204
    lptim.o                       76                48
    main.o                     3 636      302      840
    mcp9808.o                    268
    mcp9808_l0xx.o               172
    md5.o                      2 342
    osal.o                        32
    park_temp_sns_mcp9808.o      108
    parking_buffer.o             204
    parking_fsm.o              1 940      484    3 240
    parking_module.o           2 968      556       28
    parking_sensor_rti.o         928
    pni_fota.o                 5 124               328
    rtc.o                        640                38
    spi.o                        268               176
    spi_flash.o                  700                 4
    startup_stm32l073xx.o        254
    stm32_bluenrg_ble.o          616
    stm32l0xx_hal.o              156                 4
    stm32l0xx_hal_adc.o        1 408
    stm32l0xx_hal_adc_ex.o       172
    stm32l0xx_hal_cortex.o       210
    stm32l0xx_hal_crc.o          352
    stm32l0xx_hal_crc_ex.o        68
    stm32l0xx_hal_dma.o        1 188
    stm32l0xx_hal_gpio.o         752
    stm32l0xx_hal_i2c.o        3 826
    stm32l0xx_hal_i2c_ex.o        80
    stm32l0xx_hal_lptim.o        136
    stm32l0xx_hal_msp.o           64
    stm32l0xx_hal_pwr.o           96
    stm32l0xx_hal_pwr_ex.o        28
    stm32l0xx_hal_rcc.o        1 756
    stm32l0xx_hal_rcc_ex.o       920
    stm32l0xx_hal_rtc.o        1 630
    stm32l0xx_hal_rtc_ex.o       548
    stm32l0xx_hal_spi.o        1 092
    stm32l0xx_hal_uart.o       2 440
    stm32l0xx_hal_uart_ex.o        2
    stm32l0xx_hal_wwdg.o          50
    stm32l0xx_it.o               432
    system_stm32l0xx.o           120        8        4
    usart.o                      416               480
    wwdg.o                        72                20
    xdot.o                     4 652      280    1 068
    xdot_at_cmd.o                172
    xdot_at_resp.o               176                24
    xdot_hex.o                   232
    --------------------------------------------------
    Total:                    53 918    1 634    7 399

command line: [2]
    --------------------------------------------------
    Total:

dl6M_tlf.a: [3]
    div.o                         32
    errno.o                       16        1        4
    exit.o                         8
    isxxx.o                       36
    localeconv.o                 104        6      136
    low_level_init.o               4
    printf.o                      36
    putchar.o                     16
    setlocale.o                   36        5      116
    snprintf.o                    72
    sscanf.o                      36
    tolower.o                     18
    xencoding_sb.o                80
    xfiles.o                                2      144
    xgetmemchunk.o                44                 4
    xlocale_c.o                   54
    xmbcurmax.o                   10
    xmbtowc.o                     28
    xprintffull.o              4 786       40
    xprout.o                      22
    xscanffull.o               3 438
    xsnprout.o                    28
    xsscin.o                      36
    xstoflt.o                    480
    xstoll.o                     186
    xstopfx.o                    270
    xstoull.o                    464
    xstoxflt.o                   556
    xtls.o                         2
    xwctob.o                      60
    xwctomb.o                     24
    xxmemxfree.o                 136
    xxmemxmalloc.o               184                 8
    --------------------------------------------------
    Total:                    11 302       54      412

m6M_tl.a: [4]
    DblAddSub.o                  436
    DblCmpEq.o                    36
    DblCmpGe.o                    50
    DblCmpLe.o                    50
    DblDiv.o                     194
    DblMul.o                     388
    DblToFlt.o                    98
    DblToI32.o                    82
    FltAddSub.o                  278
    FltCmpGe.o                    40
    FltDiv.o                     170
    FltMul.o                     176
    FltToDbl.o                    50
    FltToS32.o                    58
    I32ToDbl.o                    52
    I32ToFlt.o                    54
    xdscale.o                    128
    xdtento.o                    488
    xdunscal.o                    92
    xstold.o                     334
    --------------------------------------------------
    Total:                     3 254

rt6M_tl.a: [5]
    ABImemcpy.o                   92
    ABImemset.o                   88
    I32DivModFast.o              224
    I64DivMod.o                  106
    I64DivZer.o                    2
    I64Mul.o                      50
    IntDivZer.o                    2
    cexit.o                       10
    cmain.o                       26
    cstartup_M.o                  12
    data_init.o                   40
    lz77_init_single.o           126
    memchr.o                      24
    strchr.o                      20
    strlen.o                      16
    uread4.o                      22
    uwrite4.o                     20
    zero_init3.o                  60
    --------------------------------------------------
    Total:                       940

shb_l.a: [6]
    exit.o                        20
    --------------------------------------------------
    Total:                        20

    Gaps                           6
    Linker created                         32    4 096
------------------------------------------------------
    Grand Total:              69 440    1 720   11 907


*******************************************************************************
*** ENTRY LIST
***

Entry                      Address   Size  Type      Object
-----                      -------   ----  ----      ------
.iar.init_table$$Base   0x08016460          --   Gb  - Linker created -
.iar.init_table$$Limit  0x08016480          --   Gb  - Linker created -
?main                   0x0801649d         Code  Gb  cmain.o [5]
A2Interrupt             0x20002e82    0x1  Data  Gb  SENtralA2.o [1]
A2strBits               0x0800713d   0x3c  Code  Gb  SENtralA2.o [1]
ADC1_COMP_IRQHandler    0x08012ac7    0xa  Code  Gb  stm32l0xx_it.o [1]
ADC_ConversionStop      0x08013e1b   0x50  Code  Lc  stm32l0xx_hal_adc.o [1]
ADC_DelayMicroSecond    0x08013e6b   0x24  Code  Lc  stm32l0xx_hal_adc.o [1]
ADC_Disable             0x08013dbd   0x4e  Code  Lc  stm32l0xx_hal_adc.o [1]
ADC_Enable              0x08013d6d   0x4c  Code  Lc  stm32l0xx_hal_adc.o [1]
AHBPrescTable           0x08016394   0x10  Data  Gb  system_stm32l0xx.o [1]
APBPrescTable           0x08016528    0x8  Data  Gb  system_stm32l0xx.o [1]
Adc_Monitor_Init        0x08010f89    0xc  Code  Gb  adc_monitor.o [1]
Adc_Monitor_Start       0x08010f95   0x12  Code  Gb  adc_monitor.o [1]
Add_Dfu_Service         0x080060c1  0x102  Code  Gb  pni_fota.o [1]
Battery_Monitor_Read    0x08010fb1    0x6  Code  Gb  adc_monitor.o [1]
BlueNRG_DataPresent     0x0800cc81   0x14  Code  Gb  stm32_bluenrg_ble.o [1]
BlueNRG_HW_Bootloader   0x0800cc95   0x16  Code  Gb  stm32_bluenrg_ble.o [1]
BlueNRG_RST             0x0800cc55   0x2c  Code  Gb  stm32_bluenrg_ble.o [1]
BlueNRG_SPI_Read_All    0x0800ccad   0x96  Code  Gb  stm32_bluenrg_ble.o [1]
BlueNRG_SPI_Write       0x0800cd45   0x94  Code  Gb  stm32_bluenrg_ble.o [1]
BufferToWrite           0x200026bc  0x100  Data  Lc  pni_fota.o [1]
CLOCK_SECOND            0x08016530    0x4  Data  Gb  clock.o [1]
CRC_Handle_16           0x0800812b   0x2a  Code  Lc  stm32l0xx_hal_crc.o [1]
CRC_Handle_8            0x080080c3   0x68  Code  Lc  stm32l0xx_hal_crc.o [1]
CSTACK$$Base            0x200011a8          --   Gb  - Linker created -
CSTACK$$Limit           0x20001ba8          --   Gb  - Linker created -
Clear_SPI_EXTI_Flag     0x0800ce4b    0x8  Code  Gb  stm32_bluenrg_ble.o [1]
Clock_Time              0x08007aa5    0x8  Code  Gb  clock.o [1]
Clock_Wait              0x08007aad   0x52  Code  Gb  clock.o [1]
ComputeTemperature      0x08010ed9   0x44  Code  Gb  adc_monitor.o [1]
ConnectionBleStatus     0x20002d28    0x4  Data  Gb  pni_fota.o [1]
DMA1_Channel2_3_IRQHandler
                        0x08012a9b   0x10  Code  Gb  stm32l0xx_it.o [1]
DMA1_Channel4_5_6_7_IRQHandler
                        0x08012aab   0x1c  Code  Gb  stm32l0xx_it.o [1]
DMA_SetConfig           0x0800f779   0x18  Code  Lc  stm32l0xx_hal_dma.o [1]
DfuServHandle           0x20002d1c    0x2  Data  Lc  pni_fota.o [1]
Dfu_Ack                 0x080050c1   0x5a  Code  Lc  pni_fota.o [1]
Disable_SPI_IRQ         0x0800ce41    0xa  Code  Gb  stm32_bluenrg_ble.o [1]
EXTI0_1_IRQHandler      0x08012a8b   0x10  Code  Gb  stm32l0xx_it.o [1]
Enable_SPI_IRQ          0x0800ce37    0x2  Code  Gb  stm32_bluenrg_ble.o [1]
Encode                  0x080135e1   0x2e  Code  Lc  md5.o [1]
Error_Handler           0x0800c2d1    0xc  Code  Gb  main.o [1]
FlashID                 0x20002e74    0x4  Data  Gb  spi_flash.o [1]
HAL_ADCEx_Calibration_Start
                        0x08014095   0xa8  Code  Gb  stm32l0xx_hal_adc_ex.o [1]
HAL_ADC_ConfigChannel   0x08013c99   0xd4  Code  Gb  stm32l0xx_hal_adc.o [1]
HAL_ADC_ConvCpltCallback
                        0x08010f1d   0x6c  Code  Gb  adc_monitor.o [1]
HAL_ADC_ErrorCallback   0x08014fd5    0x2  Code  Wk  stm32l0xx_hal_adc.o [1]
HAL_ADC_GetValue        0x08013bbd    0x6  Code  Gb  stm32l0xx_hal_adc.o [1]
HAL_ADC_IRQHandler      0x08013bc3   0xd6  Code  Gb  stm32l0xx_hal_adc.o [1]
HAL_ADC_Init            0x08013935  0x1a4  Code  Gb  stm32l0xx_hal_adc.o [1]
HAL_ADC_LevelOutOfWindowCallback
                        0x08014fd3    0x2  Code  Wk  stm32l0xx_hal_adc.o [1]
HAL_ADC_MspInit         0x08010c49   0x40  Code  Gb  adc.o [1]
HAL_ADC_Start_IT        0x08013af5   0x6e  Code  Gb  stm32l0xx_hal_adc.o [1]
HAL_ADC_Stop_IT         0x08013b6f   0x44  Code  Gb  stm32l0xx_hal_adc.o [1]
HAL_CRCEx_Polynomial_Set
                        0x0800cbd1   0x44  Code  Gb  stm32l0xx_hal_crc_ex.o [1]
HAL_CRC_Accumulate      0x08008071   0x52  Code  Gb  stm32l0xx_hal_crc.o [1]
HAL_CRC_Init            0x08007ff5   0x76  Code  Gb  stm32l0xx_hal_crc.o [1]
HAL_CRC_MspInit         0x0800cba3   0x20  Code  Gb  crc.o [1]
HAL_DMA_Abort_IT        0x0800f445   0x80  Code  Gb  stm32l0xx_hal_dma.o [1]
HAL_DMA_IRQHandler      0x0800f4cd  0x28e  Code  Gb  stm32l0xx_hal_dma.o [1]
HAL_DMA_Init            0x0800f2ed   0xe6  Code  Gb  stm32l0xx_hal_dma.o [1]
HAL_DMA_Start_IT        0x0800f3f1   0x50  Code  Gb  stm32l0xx_hal_dma.o [1]
HAL_Delay               0x080064c5   0x18  Code  Wk  stm32l0xx_hal.o [1]
HAL_GPIO_DeInit         0x0800c5d9  0x10a  Code  Gb  stm32l0xx_hal_gpio.o [1]
HAL_GPIO_EXTI_Callback  0x08012b49   0x1c  Code  Gb  stm32l0xx_it.o [1]
HAL_GPIO_EXTI_IRQHandler
                        0x0800c701   0x14  Code  Gb  stm32l0xx_hal_gpio.o [1]
HAL_GPIO_Init           0x0800c449  0x190  Code  Gb  stm32l0xx_hal_gpio.o [1]
HAL_GPIO_ReadPin        0x0800c6e9    0xc  Code  Gb  stm32l0xx_hal_gpio.o [1]
HAL_GPIO_WritePin       0x0800c6f5    0xc  Code  Gb  stm32l0xx_hal_gpio.o [1]
HAL_GetTick             0x080092a1    0xc  Code  Wk  stm32l0xx_hal.o [1]
HAL_I2CEx_ConfigAnalogFilter
                        0x080136b5   0x38  Code  Gb  stm32l0xx_hal_i2c_ex.o [1]
HAL_I2C_AbortCpltCallback
                        0x0800f791    0x2  Code  Wk  stm32l0xx_hal_i2c.o [1]
HAL_I2C_AddrCallback    0x0800f2e5    0x2  Code  Wk  stm32l0xx_hal_i2c.o [1]
HAL_I2C_ER_IRQHandler   0x0800ac83   0x5e  Code  Gb  stm32l0xx_hal_i2c.o [1]
HAL_I2C_EV_IRQHandler   0x0800ac71   0x12  Code  Gb  stm32l0xx_hal_i2c.o [1]
HAL_I2C_ErrorCallback   0x0800f793    0x2  Code  Wk  stm32l0xx_hal_i2c.o [1]
HAL_I2C_Init            0x0800a581   0xa8  Code  Gb  stm32l0xx_hal_i2c.o [1]
HAL_I2C_IsDeviceReady   0x0800ab55  0x114  Code  Gb  stm32l0xx_hal_i2c.o [1]
HAL_I2C_ListenCpltCallback
                        0x0800f2eb    0x2  Code  Wk  stm32l0xx_hal_i2c.o [1]
HAL_I2C_Master_Receive  0x0800a753  0x12e  Code  Gb  stm32l0xx_hal_i2c.o [1]
HAL_I2C_Master_Transmit
                        0x0800a629  0x12a  Code  Gb  stm32l0xx_hal_i2c.o [1]
HAL_I2C_Mem_Read        0x0800a9ed  0x160  Code  Gb  stm32l0xx_hal_i2c.o [1]
HAL_I2C_Mem_Write       0x0800a895  0x156  Code  Gb  stm32l0xx_hal_i2c.o [1]
HAL_I2C_MspInit         0x0800f221   0xae  Code  Gb  i2c.o [1]
HAL_I2C_SlaveRxCpltCallback
                        0x0800f2e9    0x2  Code  Wk  stm32l0xx_hal_i2c.o [1]
HAL_I2C_SlaveTxCpltCallback
                        0x0800f2e7    0x2  Code  Wk  stm32l0xx_hal_i2c.o [1]
HAL_IncTick             0x08014255   0x10  Code  Wk  stm32l0xx_hal.o [1]
HAL_Init                0x080109d9   0x1a  Code  Gb  stm32l0xx_hal.o [1]
HAL_InitTick            0x080138cd   0x28  Code  Wk  stm32l0xx_hal.o [1]
HAL_LPTIM_Init          0x08013eb1   0x7a  Code  Gb  stm32l0xx_hal_lptim.o [1]
HAL_LPTIM_MspInit       0x08010ccb   0x16  Code  Gb  lptim.o [1]
HAL_MspInit             0x080138f5   0x40  Code  Gb  stm32l0xx_hal_msp.o [1]
HAL_NVIC_DisableIRQ     0x08007e0f    0xe  Code  Gb  stm32l0xx_hal_cortex.o [1]
HAL_NVIC_EnableIRQ      0x08007e01    0xe  Code  Gb  stm32l0xx_hal_cortex.o [1]
HAL_NVIC_SetPriority    0x08007df9    0x8  Code  Gb  stm32l0xx_hal_cortex.o [1]
HAL_NVIC_SystemReset    0x08007e1d   0x12  Code  Gb  stm32l0xx_hal_cortex.o [1]
HAL_PWREx_EnableFastWakeUp
                        0x0800d035    0xc  Code  Gb  stm32l0xx_hal_pwr_ex.o [1]
HAL_PWREx_EnableUltraLowPower
                        0x0800d041    0xc  Code  Gb  stm32l0xx_hal_pwr_ex.o [1]
HAL_PWR_EnterSLEEPMode  0x0800d2d1   0x28  Code  Gb  stm32l0xx_hal_pwr.o [1]
HAL_PWR_EnterSTOPMode   0x0800d2f9   0x30  Code  Gb  stm32l0xx_hal_pwr.o [1]
HAL_RCCEx_GetPeriphCLKFreq
                        0x08011e01  0x192  Code  Gb  stm32l0xx_hal_rcc_ex.o [1]
HAL_RCCEx_PeriphCLKConfig
                        0x08011c35  0x1b0  Code  Gb  stm32l0xx_hal_rcc_ex.o [1]
HAL_RCC_ClockConfig     0x08011995  0x15e  Code  Gb  stm32l0xx_hal_rcc.o [1]
HAL_RCC_GetHCLKFreq     0x08011b75    0x6  Code  Gb  stm32l0xx_hal_rcc.o [1]
HAL_RCC_GetPCLK1Freq    0x08011b7b    0xe  Code  Gb  stm32l0xx_hal_rcc.o [1]
HAL_RCC_GetPCLK2Freq    0x08011b95    0xc  Code  Gb  stm32l0xx_hal_rcc.o [1]
HAL_RCC_GetSysClockFreq
                        0x08011b09   0x6c  Code  Gb  stm32l0xx_hal_rcc.o [1]
HAL_RCC_OscConfig       0x08011559  0x428  Code  Gb  stm32l0xx_hal_rcc.o [1]
HAL_RTCEx_AlarmBEventCallback
                        0x08012c15    0x2  Code  Wk  stm32l0xx_hal_rtc_ex.o [1]
HAL_RTCEx_DeactivateWakeUpTimer
                        0x0800d41d   0x7c  Code  Gb  stm32l0xx_hal_rtc_ex.o [1]
HAL_RTCEx_SetRefClock   0x0800d4e5   0x44  Code  Gb  stm32l0xx_hal_rtc_ex.o [1]
HAL_RTCEx_SetWakeUpTimer_IT
                        0x0800d331   0xbc  Code  Gb  stm32l0xx_hal_rtc_ex.o [1]
HAL_RTCEx_WakeUpTimerEventCallback
                        0x08012b65   0x12  Code  Gb  stm32l0xx_it.o [1]
HAL_RTCEx_WakeUpTimerIRQHandler
                        0x0800d499   0x30  Code  Gb  stm32l0xx_hal_rtc_ex.o [1]
HAL_RTC_AlarmAEventCallback
                        0x08012b77    0x8  Code  Gb  stm32l0xx_it.o [1]
HAL_RTC_AlarmIRQHandler
                        0x0800daa5   0x56  Code  Gb  stm32l0xx_hal_rtc.o [1]
HAL_RTC_DeactivateAlarm
                        0x0800d9f1   0x9e  Code  Gb  stm32l0xx_hal_rtc.o [1]
HAL_RTC_GetDate         0x0800d801   0x3e  Code  Gb  stm32l0xx_hal_rtc.o [1]
HAL_RTC_GetTime         0x0800d6f3   0x4c  Code  Gb  stm32l0xx_hal_rtc.o [1]
HAL_RTC_Init            0x0800d555   0xa0  Code  Gb  stm32l0xx_hal_rtc.o [1]
HAL_RTC_MspInit         0x0800d113   0x48  Code  Gb  rtc.o [1]
HAL_RTC_SetAlarm_IT     0x0800d84d  0x174  Code  Gb  stm32l0xx_hal_rtc.o [1]
HAL_RTC_SetDate         0x0800d73f   0xbe  Code  Gb  stm32l0xx_hal_rtc.o [1]
HAL_RTC_SetTime         0x0800d5f5   0xfe  Code  Gb  stm32l0xx_hal_rtc.o [1]
HAL_RTC_WaitForSynchro  0x0800dafb   0x30  Code  Gb  stm32l0xx_hal_rtc.o [1]
HAL_ResumeTick          0x0800e75d   0x10  Code  Wk  stm32l0xx_hal.o [1]
HAL_SPI_DeInit          0x0800c7b9   0x2a  Code  Gb  stm32l0xx_hal_spi.o [1]
HAL_SPI_Init            0x0800c739   0x80  Code  Gb  stm32l0xx_hal_spi.o [1]
HAL_SPI_MspDeInit       0x0800c3e7   0x3e  Code  Gb  spi.o [1]
HAL_SPI_MspInit         0x0800c37d   0x6a  Code  Gb  spi.o [1]
HAL_SPI_TransmitReceive
                        0x0800c7e9  0x2cc  Code  Gb  stm32l0xx_hal_spi.o [1]
HAL_SYSTICK_CLKSourceConfig
                        0x08007e57   0x18  Code  Gb  stm32l0xx_hal_cortex.o [1]
HAL_SYSTICK_Callback    0x08007e95    0x2  Code  Wk  stm32l0xx_hal_cortex.o [1]
HAL_SYSTICK_Config      0x08007e2f   0x28  Code  Gb  stm32l0xx_hal_cortex.o [1]
HAL_SYSTICK_IRQHandler  0x08007e6f    0x8  Code  Gb  stm32l0xx_hal_cortex.o [1]
HAL_SuspendTick         0x0800e74d   0x10  Code  Wk  stm32l0xx_hal.o [1]
HAL_UARTEx_WakeupCallback
                        0x08014251    0x2  Code  Wk  stm32l0xx_hal_uart_ex.o [1]
HAL_UART_ErrorCallback  0x0801424d    0x2  Code  Wk  stm32l0xx_hal_uart.o [1]
HAL_UART_IRQHandler     0x08012225  0x184  Code  Gb  stm32l0xx_hal_uart.o [1]
HAL_UART_Init           0x08011fcd   0x66  Code  Gb  stm32l0xx_hal_uart.o [1]
HAL_UART_MspInit        0x08010d29  0x148  Code  Gb  usart.o [1]
HAL_UART_Receive_DMA    0x08012183   0x8e  Code  Gb  stm32l0xx_hal_uart.o [1]
HAL_UART_RxCpltCallback
                        0x08012b2d    0xc  Code  Gb  stm32l0xx_it.o [1]
HAL_UART_RxHalfCpltCallback
                        0x08012b1d    0xe  Code  Gb  stm32l0xx_it.o [1]
HAL_UART_Transmit       0x08012039   0xc6  Code  Gb  stm32l0xx_hal_uart.o [1]
HAL_UART_Transmit_DMA   0x080120ff   0x84  Code  Gb  stm32l0xx_hal_uart.o [1]
HAL_UART_TxCpltCallback
                        0x08012b01   0x1c  Code  Gb  stm32l0xx_it.o [1]
HAL_UART_TxHalfCpltCallback
                        0x08014253    0x2  Code  Wk  stm32l0xx_hal_uart.o [1]
HAL_WWDG_Init           0x0800c309   0x28  Code  Gb  stm32l0xx_hal_wwdg.o [1]
HAL_WWDG_MspInit        0x08010eb7   0x14  Code  Gb  wwdg.o [1]
HAL_WWDG_Refresh        0x0800c331    0xa  Code  Gb  stm32l0xx_hal_wwdg.o [1]
HCI_Event_CB            0x08006299   0xf0  Code  Gb  pni_fota.o [1]
HCI_Init                0x08008cb1   0x2a  Code  Gb  hci.o [1]
HCI_Isr                 0x08008d45   0x66  Code  Gb  hci.o [1]
HCI_Process             0x08008cfd   0x48  Code  Gb  hci.o [1]
HCI_ProcessEvent        0x20002e6c    0x4  Data  Gb  pni_fota.o [1]
HCI_verify              0x08008cdb   0x22  Code  Gb  hci.o [1]
HEAP$$Base              0x20001ba8          --   Gb  - Linker created -
HEAP$$Limit             0x200021a8          --   Gb  - Linker created -
Hal_Write_Serial        0x0800cc15   0x40  Code  Gb  stm32_bluenrg_ble.o [1]
HardFault_Handler       0x08012a67    0x2  Code  Gb  stm32l0xx_it.o [1]
I2C1_IRQHandler         0x08012ad1   0x1c  Code  Gb  stm32l0xx_it.o [1]
I2C_DMAAbort            0x0800b1d9   0x34  Code  Lc  stm32l0xx_hal_i2c.o [1]
I2C_Disable_IRQ         0x0800b401   0x66  Code  Lc  stm32l0xx_hal_i2c.o [1]
I2C_Flush_TXDR          0x0800b1af   0x1c  Code  Lc  stm32l0xx_hal_i2c.o [1]
I2C_ITAddrCplt          0x0800aed5   0x9a  Code  Lc  stm32l0xx_hal_i2c.o [1]
I2C_ITError             0x0800b0f5   0xba  Code  Lc  stm32l0xx_hal_i2c.o [1]
I2C_ITListenCplt        0x0800b09b   0x5a  Code  Lc  stm32l0xx_hal_i2c.o [1]
I2C_ITSlaveCplt         0x0800afb9   0xe2  Code  Lc  stm32l0xx_hal_i2c.o [1]
I2C_ITSlaveSequentialCplt
                        0x0800af6f   0x4a  Code  Lc  stm32l0xx_hal_i2c.o [1]
I2C_IsAcknowledgeFailed
                        0x0800b365   0x64  Code  Lc  stm32l0xx_hal_i2c.o [1]
I2C_RequestMemoryRead   0x0800ae67   0x6e  Code  Lc  stm32l0xx_hal_i2c.o [1]
I2C_RequestMemoryWrite  0x0800adf9   0x6e  Code  Lc  stm32l0xx_hal_i2c.o [1]
I2C_Slave_ISR_IT        0x0800ace1  0x112  Code  Lc  stm32l0xx_hal_i2c.o [1]
I2C_TransferConfig      0x0800b3d7   0x1e  Code  Lc  stm32l0xx_hal_i2c.o [1]
I2C_WaitOnFlagUntilTimeout
                        0x0800b20d   0x50  Code  Lc  stm32l0xx_hal_i2c.o [1]
I2C_WaitOnRXNEFlagUntilTimeout
                        0x0800b2f5   0x68  Code  Lc  stm32l0xx_hal_i2c.o [1]
I2C_WaitOnSTOPFlagUntilTimeout
                        0x0800b2b1   0x44  Code  Lc  stm32l0xx_hal_i2c.o [1]
I2C_WaitOnTXISFlagUntilTimeout
                        0x0800b25d   0x54  Code  Lc  stm32l0xx_hal_i2c.o [1]
Init_BlueNRG_Stack      0x0800be6d  0x212  Code  Lc  main.o [1]
LastDfuBuffer           0x20002d34   0x14  Data  Lc  pni_fota.o [1]
LoadInt                 0x0800993f   0x68  Code  Lc  xprintffull.o [3]
MD5Transform            0x08012e01  0x778  Code  Lc  md5.o [1]
MD5_Final               0x08012d7d   0x42  Code  Gb  md5.o [1]
MD5_Init                0x08012ce9   0x18  Code  Gb  md5.o [1]
MD5_Update              0x08012d11   0x6c  Code  Gb  md5.o [1]
MX_ADC_Init             0x08010bc1   0x88  Code  Gb  adc.o [1]
MX_CRC_Init             0x0800cb81   0x22  Code  Gb  crc.o [1]
MX_DMA_Init             0x08010b85   0x3c  Code  Gb  dma.o [1]
MX_GPIO_Init            0x080109f9  0x18c  Code  Gb  gpio.o [1]
MX_I2C1_Init            0x0800f1e5   0x3c  Code  Gb  i2c.o [1]
MX_LPTIM1_Init          0x08010ca5   0x26  Code  Gb  lptim.o [1]
MX_RTC_Init             0x0800d051   0xc2  Code  Gb  rtc.o [1]
MX_SPI1_Init            0x0800c33d    0x8  Code  Gb  spi.o [1]
MX_SPI2_Init            0x0800c345    0x6  Code  Gb  spi.o [1]
MX_USART1_UART_Init     0x08010cf1    0x8  Code  Gb  usart.o [1]
MX_USART2_UART_Init     0x08010cf9    0x6  Code  Gb  usart.o [1]
MX_WWDG_Init            0x08010e91   0x26  Code  Gb  wwdg.o [1]
Mcu_Sleep_Ms            0x080086ed   0x6a  Code  Lc  parking_fsm.o [1]
Mcu_Stop_WFI            0x0800851d  0x180  Code  Lc  parking_fsm.o [1]
NMI_Handler             0x08012a65    0x2  Code  Gb  stm32l0xx_it.o [1]
NVIC_SetPriority        0x08007dc5   0x34  Code  Lc  stm32l0xx_hal_cortex.o [1]
Osal_MemCpy             0x080092ad    0xc  Code  Gb  osal.o [1]
Osal_MemSet             0x080092b9   0x14  Code  Gb  osal.o [1]
OtaDfuCmdErrAck         0x08005e45   0x26  Code  Lc  pni_fota.o [1]
OtaDfuConsoleCommandParsing
                        0x08005e89   0xe8  Code  Lc  pni_fota.o [1]
OtaDfuDataCmdHandler    0x080059b1  0x114  Code  Lc  pni_fota.o [1]
OtaDfuGetOtaImgNum      0x08005321   0x2e  Code  Lc  pni_fota.o [1]
OtaDfuPrepareFlash      0x08005381   0xe6  Code  Lc  pni_fota.o [1]
OtaDfuResult            0x08005501   0x20  Code  Lc  pni_fota.o [1]
OtaDfuStartCmdHandler   0x08005c8d   0xec  Code  Lc  pni_fota.o [1]
OtaDfuStopCmdHandler    0x08005541  0x26e  Code  Lc  pni_fota.o [1]
OtaDfuUpdateMcuOtaImgNum
                        0x08006019   0x6e  Code  Gb  pni_fota.o [1]
OtaDfuUpgradeRtiFw      0x0800513d   0xea  Code  Lc  pni_fota.o [1]
PADDING                 0x08012dc0   0x40  Data  Lc  md5.o [1]
PARK_STATE_STRINGS      0x200000e0   0x40  Data  Lc  parking_fsm.o [1]
PLLMulTable             0x080163a4    0xc  Data  Gb  system_stm32l0xx.o [1]
PNI_LORA_MFG_APP_EUI    0x20000cd8    0x8  Data  Lc  parking_fsm.o [1]
PNI_LORA_MFG_APP_KEY    0x20000cf8   0x10  Data  Lc  parking_fsm.o [1]
PNI_LORA_STANDARD_APP_EUI
                        0x20000008    0x8  Data  Lc  main.o [1]
PNI_LORA_STANDARD_APP_KEY
                        0x20000028   0x10  Data  Lc  main.o [1]
PNI_Parking_PushVersion
                        0x0800b691   0x2c  Code  Lc  main.o [1]
PNI_Radio_Init          0x0800b4c1  0x108  Code  Gb  main.o [1]
PNI_SENtralA2_On_Initialized
                        0x0800b6d1   0xea  Code  Lc  main.o [1]
Parking_AlarmAHandler   0x0800e3dd   0xbe  Code  Gb  parking_module.o [1]
Parking_CheckRcvFrameFromLora
                        0x0800e3c5   0x16  Code  Gb  parking_module.o [1]
Parking_Fsm             0x08008785  0x428  Code  Gb  parking_fsm.o [1]
Parking_ParseFifo       0x0800e6c9   0x52  Code  Gb  parking_module.o [1]
Parking_ParseFrameFromLora
                        0x0800dbb5  0x4b8  Code  Gb  parking_module.o [1]
Parking_PushPacket      0x0800e54d  0x10e  Code  Lc  parking_module.o [1]
Parking_SendFrame2Lora  0x0800e31d   0x44  Code  Gb  parking_module.o [1]
Parking_SetFsm          0x08008757    0x6  Code  Gb  parking_fsm.o [1]
PendSV_Handler          0x08012a6b    0x2  Code  Gb  stm32l0xx_it.o [1]
ProgramEEPROM           0x08006d0d   0x5a  Code  Gb  ProgramEEPROM.o [1]
RCC_SetFlashLatencyFromMSIRange
                        0x08011bb1   0x5e  Code  Lc  stm32l0xx_hal_rcc.o [1]
RTC_Bcd2ToByte          0x0800dba3   0x10  Code  Gb  stm32l0xx_hal_rtc.o [1]
RTC_ByteToBcd2          0x0800db8d   0x16  Code  Gb  stm32l0xx_hal_rtc.o [1]
RTC_ConfigureWakeUpTimerSec
                        0x0800d15b   0x12  Code  Gb  rtc.o [1]
RTC_ConfigureWakeUpTimerUSec
                        0x0800d16d   0x20  Code  Gb  rtc.o [1]
RTC_EnterInitMode       0x0800db35   0x36  Code  Gb  stm32l0xx_hal_rtc.o [1]
RTC_IRQHandler          0x08012a79   0x12  Code  Gb  stm32l0xx_it.o [1]
RTC_SetAlarmA           0x0800d221   0xa4  Code  Gb  rtc.o [1]
RTC_TimeExpired         0x0800d195   0x6e  Code  Gb  rtc.o [1]
RTI_FLASH_ADDRESS_START
                        0x20002e70    0x4  Data  Gb  ProgramEEPROM.o [1]
Region$$Table$$Base     0x08016460          --   Gb  - Linker created -
Region$$Table$$Limit    0x08016480          --   Gb  - Linker created -
SENtralA2FIFOBuf        0x20000120  0xbb8  Data  Lc  parking_fsm.o [1]
SENtralA2_GPIO_EXTI_Callback
                        0x08007499   0x14  Code  Gb  SENtralA2.o [1]
SENtralA2_getBytesRemaining
                        0x08007641   0x1e  Code  Gb  SENtralA2.o [1]
SENtralA2_get_parameter
                        0x08007933   0x16  Code  Lc  SENtralA2.o [1]
SENtralA2_handle_meta_event
                        0x080076a9   0xe2  Code  Lc  SENtralA2.o [1]
SENtralA2_i2c_read      0x08006fe5   0x1a  Code  Gb  SENtralA2.o [1]
SENtralA2_i2c_read_value
                        0x08006fff    0xa  Code  Gb  SENtralA2.o [1]
SENtralA2_i2c_write     0x08007009   0x18  Code  Gb  SENtralA2.o [1]
SENtralA2_i2c_write_value
                        0x08007029    0xc  Code  Gb  SENtralA2.o [1]
SENtralA2_init          0x080079d5   0x76  Code  Gb  SENtralA2.o [1]
SENtralA2_is_ready      0x08007035   0x56  Code  Gb  SENtralA2.o [1]
SENtralA2_param_read    0x080074d5   0x9a  Code  Gb  SENtralA2.o [1]
SENtralA2_param_write   0x08007571   0xa4  Code  Gb  SENtralA2.o [1]
SENtralA2_parse_fifo    0x080077d5   0xca  Code  Gb  SENtralA2.o [1]
SENtralA2_self_test     0x080078bb   0x62  Code  Gb  SENtralA2.o [1]
SENtralA2_set_meta_event_ctrl
                        0x08007955   0x80  Code  Lc  SENtralA2.o [1]
SENtralA2_set_parameter
                        0x0800791d   0x16  Code  Lc  SENtralA2.o [1]
SENtralA2_set_sensor_rate
                        0x080078a1   0x1a  Code  Gb  SENtralA2.o [1]
SENtralA2_set_sns_rate  0x08007949    0xc  Code  Lc  SENtralA2.o [1]
SPI_WaitOnFlagUntilTimeout
                        0x0800cab9   0xbe  Code  Lc  stm32l0xx_hal_spi.o [1]
SVC_Handler             0x08012a69    0x2  Code  Gb  stm32l0xx_it.o [1]
SentralWrite            0x080074ad   0x1c  Code  Gb  SENtralA2.o [1]
SizeOfUpdateBlueFW      0x20002d0c    0x4  Data  Lc  pni_fota.o [1]
SysTick_Handler         0x08012a6d    0xc  Code  Gb  stm32l0xx_it.o [1]
SystemClock_Config      0x0800bd91   0xb8  Code  Gb  main.o [1]
SystemCoreClock         0x20000d38    0x4  Data  Gb  system_stm32l0xx.o [1]
SystemInit              0x08016339   0x3e  Code  Gb  system_stm32l0xx.o [1]
Timer_Expired           0x0800e9b7   0x18  Code  Gb  gp_timer.o [1]
Timer_Set               0x0800e9a7    0x8  Code  Gb  gp_timer.o [1]
UART_AdvFeatureConfig   0x080125ed   0xc8  Code  Gb  stm32l0xx_hal_uart.o [1]
UART_CheckIdleState     0x080126b9   0x64  Code  Gb  stm32l0xx_hal_uart.o [1]
UART_DMAAbortOnError    0x080128ad   0x14  Code  Lc  stm32l0xx_hal_uart.o [1]
UART_DMAError           0x08012867   0x46  Code  Lc  stm32l0xx_hal_uart.o [1]
UART_DMAReceiveCplt     0x08012807   0x3e  Code  Lc  stm32l0xx_hal_uart.o [1]
UART_DMARxHalfCplt      0x0801285d    0xa  Code  Lc  stm32l0xx_hal_uart.o [1]
UART_DMATransmitCplt    0x080127cd   0x30  Code  Lc  stm32l0xx_hal_uart.o [1]
UART_DMATxHalfCplt      0x080127fd    0xa  Code  Lc  stm32l0xx_hal_uart.o [1]
UART_EndRxTransfer      0x0801279f   0x1c  Code  Lc  stm32l0xx_hal_uart.o [1]
UART_EndTxTransfer      0x0801278d   0x12  Code  Lc  stm32l0xx_hal_uart.o [1]
UART_Receive_IT         0x080128c1   0x70  Code  Lc  stm32l0xx_hal_uart.o [1]
UART_SetConfig          0x080123ad  0x21c  Code  Gb  stm32l0xx_hal_uart.o [1]
UART_WaitOnFlagUntilTimeout
                        0x08012721   0x62  Code  Gb  stm32l0xx_hal_uart.o [1]
USART1_IRQHandler       0x08012aed    0xa  Code  Gb  stm32l0xx_it.o [1]
USART2_IRQHandler       0x08012af7    0xa  Code  Gb  stm32l0xx_it.o [1]
XDOT_DR_PAYLOAD_MAP     0x0800fdf0   0x40  Data  Lc  xdot.o [1]
XDOT_SF_DR_MAP          0x0800f9b8   0x48  Data  Lc  xdot.o [1]
_EncodingSb_Mbtowc      0x08013649   0x2c  Code  Gb  xencoding_sb.o [3]
_EncodingSb_Mbtowc::initial
                        0x0801367c    0x8  Data  Lc  xencoding_sb.o [3]
_EncodingSb_Wctomb      0x08013635   0x14  Code  Gb  xencoding_sb.o [3]
_EncodingSb_Wctomb::initial
                        0x08013674    0x8  Data  Lc  xencoding_sb.o [3]
_GenldFull              0x0800a275  0x2d6  Code  Lc  xprintffull.o [3]
_GetN                   0x08014265   0x26  Code  Lc  xscanffull.o [3]
_GetfldFull             0x080144a5  0x106  Code  Lc  xscanffull.o [3]
_GetfloatFull           0x08014aa5  0x52e  Code  Lc  xscanffull.o [3]
_GetintFull             0x08014891  0x210  Code  Lc  xscanffull.o [3]
_GetstrFull             0x080145ad  0x2d8  Code  Lc  xscanffull.o [3]
_IsdstStr               0x20001134    0x4  Data  Gb  setlocale.o [3]
_LdtobFull              0x08009dfd  0x464  Code  Lc  xprintffull.o [3]
_LitobFull              0x08009ccd  0x12a  Code  Lc  xprintffull.o [3]
_LocaleC_isalpha        0x08015589   0x16  Code  Gb  xlocale_c.o [3]
_LocaleC_isspace        0x0801559f   0x14  Code  Gb  xlocale_c.o [3]
_LocaleC_tolower        0x08015d0d    0xc  Code  Gb  xlocale_c.o [3]
_LocaleEncoding         0x08013621    0xc  Code  Gb  setlocale.o [3]
_LocaleForCat           0x08013611   0x10  Code  Gb  setlocale.o [3]
_LocaleReturnString     0x20001154   0x50  Data  Lc  setlocale.o [3]
_Locale_Profile         0x20001138   0x1c  Data  Gb  setlocale.o [3]
_Locale_aeabi_lconv     0x200010f8   0x38  Data  Gb  localeconv.o [3]
_Locale_lconv           0x200010a8   0x50  Data  Gb  localeconv.o [3]
_Mbtowc                 0x0800e9cf   0x1c  Code  Gb  xmbtowc.o [3]
_PrintfFull             0x080092cd  0x672  Code  Gb  xprintffull.o [3]
_Prout                  0x080164e5   0x16  Code  Gb  xprout.o [3]
_PutcharsFull           0x0800a54f   0x30  Code  Lc  xprintffull.o [3]
_PutstrFull             0x080099a9  0x324  Code  Lc  xprintffull.o [3]
_SNProut                0x08016481   0x1c  Code  Gb  xsnprout.o [3]
_SScin                  0x0801643d   0x24  Code  Gb  xsscin.o [3]
_ScanfFull              0x080142a9  0x1e0  Code  Gb  xscanffull.o [3]
_Stoflt                 0x08015719  0x1e0  Code  Gb  xstoflt.o [3]
_Stopfx                 0x08015609  0x10e  Code  Gb  xstopfx.o [3]
_Stoxflt                0x08015ae1  0x1f8  Code  Gb  xstoxflt.o [3]
_Stoxflt::digits        0x08015cdc   0x18  Data  Lc  xstoxflt.o [3]
_Stoxflt::vals          0x08015cf4   0x18  Data  Lc  xstoxflt.o [3]
_TzoneStr               0x20001130    0x4  Data  Gb  setlocale.o [3]
_UngetN                 0x0801428b   0x1e  Code  Lc  xscanffull.o [3]
_Wctomb                 0x0800eae9   0x18  Code  Gb  xwctomb.o [3]
__aeabi_cdcmpeq         0x08015d19         Code  Gb  DblCmpEq.o [4]
__aeabi_cdcmple         0x0800ebf3         Code  Gb  DblCmpLe.o [4]
__aeabi_cdrcmple        0x0800ec25         Code  Gb  DblCmpGe.o [4]
__aeabi_cfrcmple        0x08012c4d         Code  Gb  FltCmpGe.o [4]
__aeabi_d2f             0x08015527         Code  Gb  DblToFlt.o [4]
__aeabi_d2iz            0x0800ecd9         Code  Gb  DblToI32.o [4]
__aeabi_d2uiz           0x0800ecfd         Code  Gb  DblToI32.o [4]
__aeabi_dadd            0x0800ed61         Code  Gb  DblAddSub.o [4]
__aeabi_ddiv            0x0800f099         Code  Gb  DblDiv.o [4]
__aeabi_dmul            0x0800ef15         Code  Gb  DblMul.o [4]
__aeabi_dsub            0x0800ee27         Code  Gb  DblAddSub.o [4]
__aeabi_errno_addr      0x080155b5    0xa  Code  Gb  errno.o [3]
__aeabi_f2d             0x08012c19         Code  Gb  FltToDbl.o [4]
__aeabi_f2iz            0x08012c75         Code  Gb  FltToS32.o [4]
__aeabi_fadd            0x08014fd7         Code  Gb  FltAddSub.o [4]
__aeabi_fdiv            0x08013fe9         Code  Gb  FltDiv.o [4]
__aeabi_fmul            0x08013f39         Code  Gb  FltMul.o [4]
__aeabi_i2d             0x0800ed2d         Code  Gb  I32ToDbl.o [4]
__aeabi_i2f             0x08012cb1         Code  Gb  I32ToFlt.o [4]
__aeabi_idiv            0x08007ec3         Code  Gb  I32DivModFast.o [5]
__aeabi_idiv0           0x0800cb7d         Code  Gb  IntDivZer.o [5]
__aeabi_idivmod         0x08007ec3         Code  Gb  I32DivModFast.o [5]
__aeabi_ldiv0           0x080136b1         Code  Gb  I64DivZer.o [5]
__aeabi_lmul            0x080155c5         Code  Gb  I64Mul.o [5]
__aeabi_memclr          0x0800b4b9         Code  Gb  ABImemset.o [5]
__aeabi_memclr4         0x0800b4bd         Code  Gb  ABImemset.o [5]
__aeabi_memclr8         0x0800b4bd         Code  Gb  ABImemset.o [5]
__aeabi_memcpy          0x080064dd         Code  Gb  ABImemcpy.o [5]
__aeabi_memcpy4         0x08006505         Code  Wk  ABImemcpy.o [5]
__aeabi_memset          0x0800b469         Code  Gb  ABImemset.o [5]
__aeabi_ui2d            0x0800ed41         Code  Gb  I32ToDbl.o [4]
__aeabi_ui2f            0x08012cc9         Code  Gb  I32ToFlt.o [4]
__aeabi_uidiv           0x08007ec9         Code  Gb  I32DivModFast.o [5]
__aeabi_uidivmod        0x08007ec9         Code  Gb  I32DivModFast.o [5]
__aeabi_uldivmod        0x0800eb89         Code  Gb  I64DivMod.o [5]
__aeabi_uread4          0x080109c1         Code  Gb  uread4.o [5]
__aeabi_uwrite4         0x0800c2f5         Code  Gb  uwrite4.o [5]
__cmain                 0x0801649d         Code  Gb  cmain.o [5]
__data_Aldata           0x20002e60    0x8  Data  Gb  xxmemxmalloc.o [3]
__data_GetMemChunk      0x08013685   0x2c  Code  Gb  xgetmemchunk.o [3]
__data_GetMemChunk::start
                        0x20002e7c    0x4  Data  Lc  xgetmemchunk.o [3]
__exit                  0x080164d1   0x14  Code  Gb  exit.o [6]
__iar_Dscale            0x0800ec59   0x80  Code  Gb  xdscale.o [4]
__iar_Dtentox           0x080158f9  0x176  Code  Gb  xdtento.o [4]
__iar_Dunscale          0x08015d3d   0x5c  Code  Gb  xdunscal.o [4]
__iar_Errno             0x200011a4    0x4  Data  Gb  errno.o [3]
__iar_Locale_lconv_init
                        0x0800f15d   0x32  Code  Gb  localeconv.o [3]
__iar_Mbcurmax          0x0800ea27    0xa  Code  Gb  xmbcurmax.o [3]
__iar_Memchr            0x0800ea0f   0x18  Code  Gb  memchr.o [5]
__iar_Memset4_word      0x0800b489         Code  Gb  ABImemset.o [5]
__iar_Memset_word       0x0800b475         Code  Gb  ABImemset.o [5]
__iar_Stdout            0x20001068   0x40  Data  Gb  xfiles.o [3]
__iar_Stold             0x0801551d    0xa  Code  Gb  xstold.o [4]
__iar_Stoldx            0x080153d9  0x138  Code  Gb  xstold.o [4]
__iar_Stoll             0x080151fd    0xa  Code  Gb  xstoll.o [3]
__iar_Stollx            0x0801514d   0xa8  Code  Gb  xstoll.o [3]
__iar_Stoull            0x0801537d    0xa  Code  Gb  xstoull.o [3]
__iar_Stoullx           0x08015209  0x16c  Code  Gb  xstoull.o [3]
__iar_Strchr            0x0800e9eb   0x14  Code  Gb  strchr.o [5]
__iar_Wctob             0x080150ed   0x30  Code  Gb  xwctob.o [3]
__iar_d2uiz             0x0800ed01         Code  Gb  DblToI32.o [4]
__iar_data_init3        0x08016415   0x28  Code  Gb  data_init.o [5]
__iar_dlib_perthread_access
                        0x080136b3    0x2  Code  Gb  xtls.o [3]
__iar_lz77_init_single3
                        0x08007f77   0x7e  Code  Gb  lz77_init_single.o [5]
__iar_program_start     0x0801651d         Code  Gb  cstartup_M.o [5]
__iar_ui2d              0x0800ed45         Code  Gb  I32ToDbl.o [4]
__iar_ui2f              0x08012ccd         Code  Gb  I32ToFlt.o [4]
__iar_zero_init3        0x080163b1   0x3c  Code  Gb  zero_init3.o [5]
__low_level_init        0x080164b7    0x4  Code  Gb  low_level_init.o [3]
__vector_table          0x08005000         Data  Gb  startup_stm32l073xx.o [1]
_call_main              0x080164a9         Code  Gb  cmain.o [5]
_exit                   0x080164c5         Code  Gb  cexit.o [5]
_main                   0x080164b3         Code  Gb  cmain.o [5]
aci_erase_blue_flag     0x0800cec7   0x18  Code  Gb  bluenrg_updater_aci.o [1]
aci_gap_init_IDB05A1    0x08009095   0x86  Code  Gb  bluenrg_gap_aci.o [1]
aci_gap_set_auth_requirement
                        0x080091d3   0x74  Code  Gb  bluenrg_gap_aci.o [1]
aci_gap_set_discoverable
                        0x0800911b   0xb8  Code  Gb  bluenrg_gap_aci.o [1]
aci_gap_update_adv_data
                        0x08009247   0x58  Code  Gb  bluenrg_gap_aci.o [1]
aci_gatt_add_char       0x080065fb   0xba  Code  Gb  bluenrg_gatt_aci.o [1]
aci_gatt_add_serv       0x08006571   0x8a  Code  Gb  bluenrg_gatt_aci.o [1]
aci_gatt_init           0x08006539   0x38  Code  Gb  bluenrg_gatt_aci.o [1]
aci_gatt_update_char_value
                        0x080066b5   0x7c  Code  Gb  bluenrg_gatt_aci.o [1]
aci_get_updater_version
                        0x0800ce7d   0x24  Code  Gb  bluenrg_updater_aci.o [1]
aci_hal_read_config_data
                        0x080129af   0x6e  Code  Gb  bluenrg_hal_aci.o [1]
aci_hal_set_tx_power_level
                        0x08012a1d   0x2e  Code  Gb  bluenrg_hal_aci.o [1]
aci_hal_write_config_data
                        0x08012951   0x5e  Code  Gb  bluenrg_hal_aci.o [1]
aci_l2cap_connection_parameter_update_request
                        0x080084c5   0x42  Code  Gb  bluenrg_l2cap_aci.o [1]
aci_reset_blue_flag     0x0800cedf   0x16  Code  Gb  bluenrg_updater_aci.o [1]
aci_updater_calc_crc    0x0800cfb3   0x5c  Code  Gb  bluenrg_updater_aci.o [1]
aci_updater_erase_sector
                        0x0800cf17   0x42  Code  Gb  bluenrg_updater_aci.o [1]
aci_updater_hw_version  0x0800d00f   0x24  Code  Gb  bluenrg_updater_aci.o [1]
aci_updater_program_data_block
                        0x0800cf59   0x5a  Code  Gb  bluenrg_updater_aci.o [1]
adcRaw                  0x20002d80    0xc  Data  Gb  adc_monitor.o [1]
bdaddr                  0x20002e58    0x8  Data  Gb  pni_fota.o [1]
bytesAvailable          0x200000b2    0x2  Data  Lc  parking_fsm.o [1]
bytesLeftToRead         0x200000b0    0x2  Data  Lc  parking_fsm.o [1]
bytesRead               0x200000ae    0x2  Data  Lc  parking_fsm.o [1]
calibdata               0x20002d78    0x8  Data  Gb  adc_monitor.o [1]
connected               0x20002d24    0x4  Data  Gb  pni_fota.o [1]
connection_handle       0x20002d1a    0x2  Data  Lc  pni_fota.o [1]
copyParkingWakeInterval
                        0x200000aa    0x2  Data  Gb  parking_fsm.o [1]
curFrameId              0x20002d18    0x2  Data  Lc  pni_fota.o [1]
dfuRxPktCharHandle      0x20002d1e    0x2  Data  Lc  pni_fota.o [1]
dfuTxPktCharHandle      0x20002d20    0x2  Data  Lc  pni_fota.o [1]
digits                  0x08015388   0x28  Data  Lc  xstoull.o [3]
displayA2StatusRegisters
                        0x0800722d   0xde  Code  Gb  SENtralA2.o [1]
displayDeviceIdRegisters
                        0x08007179   0x3c  Code  Gb  SENtralA2.o [1]
div                     0x0800f1c5   0x20  Code  Gb  div.o [3]
eeprom_erase            0x0800682d   0x8e  Code  Gb  ProgramEEPROM.o [1]
eeprom_i2c_read         0x08006819   0x14  Code  Gb  ProgramEEPROM.o [1]
eeprom_i2c_write        0x080067eb   0x2e  Code  Gb  ProgramEEPROM.o [1]
eeprom_same_firmware    0x08006919   0xf4  Code  Gb  ProgramEEPROM.o [1]
eeprom_transfer         0x08006755   0x96  Code  Gb  ProgramEEPROM.o [1]
eeprom_upload_array     0x08006b11  0x1f8  Code  Gb  ProgramEEPROM.o [1]
exit                    0x080164bb    0x8  Code  Gb  exit.o [3]
fputc                   0x0800be4d   0x10  Code  Gb  main.o [1]
free                    0x0800eb01   0x82  Code  Gb  xxmemxfree.o [3]
fsmFlag                 0x200000a6    0x1  Data  Gb  parking_fsm.o [1]
fwDataCrc               0x20002d2c    0x4  Data  Lc  pni_fota.o [1]
fwType                  0x20002d12    0x2  Data  Lc  pni_fota.o [1]
gAlarmAInterval         0x200000ac    0x2  Data  Gb  parking_fsm.o [1]
gLastBatteryStatus      0x20002e28    0x4  Data  Lc  parking_module.o [1]
gLastCarPkt             0x20002e10   0x14  Data  Lc  parking_module.o [1]
gLastTemperature        0x20002e24    0x4  Data  Lc  parking_module.o [1]
gParkState              0x200000a4    0x1  Data  Lc  parking_fsm.o [1]
gPniDeviceInfo          0x20000000    0x8  Data  Gb  main.o [1]
gPniLoraMfgAppEui       0x20000ce0   0x18  Data  Lc  parking_fsm.o [1]
gPniLoraMfgAppKey       0x20000d08   0x30  Data  Lc  parking_fsm.o [1]
gPniLoraStandardAppEui  0x20000010   0x18  Data  Lc  main.o [1]
gPniLoraStandardAppKey  0x20000038   0x30  Data  Lc  main.o [1]
getBlueNRGVersion       0x0800841d   0x68  Code  Gb  bluenrg_utils.o [1]
get_mcu_internl_temperature::temp
                        0x20002d9c    0x4  Data  Lc  adc_monitor.o [1]
get_temperature         0x080110a3   0x34  Code  Lc  park_temp_sns_mcp9808.o [1]
hadc                    0x20002b1c   0x60  Data  Gb  adc.o [1]
hciReadPacketBuffer     0x200021b8  0x2bc  Data  Lc  hci.o [1]
hciReadPktPool          0x200021a8    0x8  Data  Gb  hci.o [1]
hciReadPktRxQueue       0x200021b0    0x8  Data  Gb  hci.o [1]
hci_le_read_local_version
                        0x08008fb1   0x80  Code  Gb  hci.o [1]
hci_le_set_scan_resp_data
                        0x08009031   0x3c  Code  Gb  hci.o [1]
hci_send_cmd            0x08008db3   0x34  Code  Gb  hci.o [1]
hci_send_req            0x08008e0b  0x196  Code  Gb  hci.o [1]
hci_write               0x08008dab    0x8  Code  Gb  hci.o [1]
hcrc                    0x20002dc8   0x24  Data  Gb  crc.o [1]
hdma_i2c1_rx            0x200029bc   0x40  Data  Gb  i2c.o [1]
hdma_i2c1_tx            0x200029fc   0x40  Data  Gb  i2c.o [1]
hdma_usart1_rx          0x200027bc   0x40  Data  Gb  usart.o [1]
hdma_usart1_tx          0x200027fc   0x40  Data  Gb  usart.o [1]
hdma_usart2_rx          0x2000283c   0x40  Data  Gb  usart.o [1]
hdma_usart2_tx          0x2000287c   0x40  Data  Gb  usart.o [1]
hi2c1                   0x20002c7c   0x4c  Data  Gb  i2c.o [1]
hlptim1                 0x20002d48   0x30  Data  Gb  lptim.o [1]
hmac_md5                0x0800e855   0x9a  Code  Gb  hmac.o [1]
hrtc                    0x20002dec   0x24  Data  Gb  rtc.o [1]
hspi1                   0x20002b7c   0x58  Data  Gb  spi.o [1]
hspi2                   0x20002bd4   0x58  Data  Gb  spi.o [1]
huart1                  0x20002a3c   0x70  Data  Gb  usart.o [1]
huart2                  0x20002aac   0x70  Data  Gb  usart.o [1]
hwwdg                   0x20002e44   0x14  Data  Gb  wwdg.o [1]
index                   0x20002d98    0x4  Data  Gb  adc_monitor.o [1]
is_ready                0x08011081   0x22  Code  Lc  park_temp_sns_mcp9808.o [1]
isalpha                 0x08015129   0x12  Code  Gb  isxxx.o [3]
isspace                 0x0801513b   0x12  Code  Gb  isxxx.o [3]
list_get_size           0x0800e983   0x1c  Code  Gb  ble_list.o [1]
list_init_head          0x0800e8ef    0x6  Code  Gb  ble_list.o [1]
list_insert_head        0x0800e90d   0x14  Code  Gb  ble_list.o [1]
list_insert_tail        0x0800e921   0x14  Code  Gb  ble_list.o [1]
list_is_empty           0x0800e8f5   0x18  Code  Gb  ble_list.o [1]
list_remove_head        0x0800e94d   0x12  Code  Gb  ble_list.o [1]
list_remove_node        0x0800e935   0x18  Code  Gb  ble_list.o [1]
list_remove_tail        0x0800e95f   0x10  Code  Gb  ble_list.o [1]
localeconv              0x0800f18f   0x18  Code  Gb  localeconv.o [3]
m_LastParkState         0x200000a7    0x1  Data  Lc  parking_fsm.o [1]
m_ParkingBuffer         0x20002474  0x248  Data  Lc  main.o [1]
m_ParkingRadio          0x20002da0   0x28  Data  Lc  main.o [1]
m_ParkingSensor         0x20002cc8   0x44  Data  Lc  main.o [1]
m_RtiInitComplete       0x20002e68    0x4  Data  Lc  main.o [1]
m_XdotCfg               0x20000068   0x28  Data  Lc  main.o [1]
m_XdotCfgMfg            0x200000b8   0x28  Data  Lc  parking_fsm.o [1]
m_xdot_at_cmd_iface     0x20000d50    0xc  Data  Lc  xdot.o [1]
m_xdot_at_resp_hashes   0x20002e2c   0x18  Data  Lc  xdot_at_resp.o [1]
m_xdot_buff_rx          0x200028bc  0x100  Data  Lc  xdot.o [1]
m_xdot_buff_rx_idx      0x20000f60    0x1  Data  Lc  xdot.o [1]
m_xdot_buff_tx          0x20000d60  0x200  Data  Lc  xdot.o [1]
m_xdot_huart            0x20000d5c    0x4  Data  Lc  xdot.o [1]
m_xdot_ism_band         0x20000d3c    0x1  Data  Lc  xdot.o [1]
m_xdot_resp_data        0x20000f64  0x100  Data  Lc  xdot.o [1]
m_xdot_resp_data_idx    0x20000f61    0x1  Data  Lc  xdot.o [1]
m_xdot_resp_hash        0x20001064    0x4  Data  Lc  xdot.o [1]
m_xdot_state            0x20000d40   0x10  Data  Lc  xdot.o [1]
magDatalogTimeStruct    0x20000090   0x14  Data  Gb  parking_fsm.o [1]
main                    0x0800b965  0x1b8  Code  Gb  main.o [1]
malloc                  0x0800ea31   0xb2  Code  Gb  xxmemxmalloc.o [3]
mcp9808_get_temperature
                        0x080141a5   0x48  Code  Gb  mcp9808.o [1]
mcp9808_is_detected     0x08014207   0x46  Code  Gb  mcp9808.o [1]
mcp9808_l0xx_init       0x08011063   0x10  Code  Gb  mcp9808_l0xx.o [1]
mcp9808_set_cfg_flag    0x08014141   0x4a  Code  Gb  mcp9808.o [1]
mcp9808_set_res         0x080141f1   0x16  Code  Gb  mcp9808.o [1]
mcp9808_sleep           0x0801418b    0xc  Code  Gb  mcp9808.o [1]
mcp9808_wake            0x08014197    0xe  Code  Gb  mcp9808.o [1]
mfgTestResult           0x20002d16    0x1  Data  Lc  pni_fota.o [1]
move_list               0x08008de7   0x24  Code  Lc  hci.o [1]
ndigs                   0x080153b0   0x28  Data  Lc  xstoull.o [3]
obuf                    0x20002c2c   0x50  Data  Lc  xfiles.o [3]
otaFwNum                0x20002d15    0x1  Data  Lc  pni_fota.o [1]
park_sns_rti_force_occupied
                        0x08011281    0x6  Code  Lc  parking_sensor_rti.o [1]
park_sns_rti_force_vacant
                        0x08011287    0x4  Code  Lc  parking_sensor_rti.o [1]
park_sns_rti_get_parameter
                        0x0801141d   0x1c  Code  Lc  parking_sensor_rti.o [1]
park_sns_rti_get_version
                        0x080112ad   0x44  Code  Lc  parking_sensor_rti.o [1]
park_sns_rti_is_maint_triggered
                        0x08011351   0x2c  Code  Lc  parking_sensor_rti.o [1]
park_sns_rti_is_mfg_triggered
                        0x0801137d   0x2a  Code  Lc  parking_sensor_rti.o [1]
park_sns_rti_is_shipping_mode_enabled
                        0x080113af   0x28  Code  Lc  parking_sensor_rti.o [1]
park_sns_rti_recalibrate
                        0x0801128b    0x2  Code  Lc  parking_sensor_rti.o [1]
park_sns_rti_self_test  0x08011297   0x16  Code  Lc  parking_sensor_rti.o [1]
park_sns_rti_set_car_detector_data_enabled
                        0x080111f9   0x30  Code  Lc  parking_sensor_rti.o [1]
park_sns_rti_set_car_detector_enabled
                        0x080111d7   0x20  Code  Lc  parking_sensor_rti.o [1]
park_sns_rti_set_hw_alarm_mode_enabled
                        0x080112f1   0x40  Code  Lc  parking_sensor_rti.o [1]
park_sns_rti_set_inter_state_enabled
                        0x08011229   0x58  Code  Lc  parking_sensor_rti.o [1]
park_sns_rti_set_parameter
                        0x08011401   0x1c  Code  Lc  parking_sensor_rti.o [1]
park_sns_rti_set_shipping_mode_enabled
                        0x080113d7   0x2a  Code  Lc  parking_sensor_rti.o [1]
park_sns_rti_set_temperature
                        0x08011331   0x20  Code  Lc  parking_sensor_rti.o [1]
park_sns_rti_set_user_ctx_input
                        0x080111b9   0x1e  Code  Lc  parking_sensor_rti.o [1]
park_tmp_sns_mcp9808_init
                        0x080110d7    0xc  Code  Gb  park_temp_sns_mcp9808.o [1]
parkingWakeInterval     0x200000a8    0x2  Data  Gb  parking_fsm.o [1]
parking_buffer_adv_in   0x08011161    0x8  Code  Lc  parking_buffer.o [1]
parking_buffer_adv_out  0x08011169    0x8  Code  Lc  parking_buffer.o [1]
parking_buffer_get      0x0801111b   0x14  Code  Lc  parking_buffer.o [1]
parking_buffer_is_empty
                        0x08011141    0xe  Code  Lc  parking_buffer.o [1]
parking_buffer_is_full  0x0801114f   0x12  Code  Lc  parking_buffer.o [1]
parking_buffer_len      0x08011139    0x8  Code  Lc  parking_buffer.o [1]
parking_buffer_pop      0x08011103   0x18  Code  Lc  parking_buffer.o [1]
parking_buffer_push     0x080110ed   0x16  Code  Lc  parking_buffer.o [1]
pni_park_sns_rti_init   0x08011439   0x50  Code  Gb  parking_sensor_rti.o [1]
pni_parking_buffer_init
                        0x08011171   0x28  Code  Gb  parking_buffer.o [1]
pni_program_device      0x08008155  0x1fa  Code  Gb  bluenrg_utils.o [1]
pni_radio_xdot_init     0x08010905   0x88  Code  Gb  xdot.o [1]
pows                    0x08015a98   0x48  Data  Lc  xdtento.o [4]
printf                  0x08006731   0x24  Code  Gb  printf.o [3]
putchar                 0x080164fd   0x10  Code  Gb  putchar.o [3]
reg_read                0x08010fd5   0x50  Code  Lc  mcp9808_l0xx.o [1]
reg_write               0x08011025   0x18  Code  Lc  mcp9808_l0xx.o [1]
reg_write_byte          0x0801103d   0x12  Code  Lc  mcp9808_l0xx.o [1]
rtcAlarmAFlag           0x20002e81    0x1  Data  Gb  rtc.o [1]
rtcWakeUpFlag           0x20002e80    0x1  Data  Gb  rtc.o [1]
sFLASH_EraseSector      0x08007b2f   0x52  Code  Gb  spi_flash.o [1]
sFLASH_Init             0x08007b09   0x26  Code  Gb  spi_flash.o [1]
sFLASH_ReadBuffer       0x08007c8f   0x60  Code  Gb  spi_flash.o [1]
sFLASH_ReadID           0x08007cf1   0x4e  Code  Gb  spi_flash.o [1]
sFLASH_SendByte         0x08007d3f   0x1a  Code  Gb  spi_flash.o [1]
sFLASH_WaitForWriteEnd  0x08007d89   0x2a  Code  Gb  spi_flash.o [1]
sFLASH_WriteBuffer      0x08007bd9   0xb6  Code  Gb  spi_flash.o [1]
sFLASH_WriteEnable      0x08007d59   0x1a  Code  Gb  spi_flash.o [1]
sFLASH_WritePage        0x08007b81   0x58  Code  Gb  spi_flash.o [1]
setConnectable          0x080061cd   0xaa  Code  Gb  pni_fota.o [1]
set_connectable         0x20002d14    0x1  Data  Gb  pni_fota.o [1]
set_irq_as_input        0x0800ce07   0x30  Code  Gb  stm32_bluenrg_ble.o [1]
set_irq_as_output       0x0800cdd9   0x2e  Code  Gb  stm32_bluenrg_ble.o [1]
snprintf                0x08013861   0x48  Code  Gb  snprintf.o [3]
sscanf                  0x080138a9   0x24  Code  Gb  sscanf.o [3]
strlen                  0x0800e9ff   0x10  Code  Gb  strlen.o [5]
tolower                 0x080155f7   0x12  Code  Gb  tolower.o [3]
totalFotaTime           0x20002d30    0x4  Data  Lc  pni_fota.o [1]
totalFwFrames           0x20002d10    0x2  Data  Lc  pni_fota.o [1]
totalMagDataLogTime     0x200000b4    0x2  Data  Gb  parking_fsm.o [1]
txConf                  0x200000a5    0x1  Data  Lc  parking_fsm.o [1]
uwADCBattConvertedValue
                        0x20002d8c    0x4  Data  Gb  adc_monitor.o [1]
uwADCTSConvertedValue   0x20002d90    0x4  Data  Gb  adc_monitor.o [1]
uwADCVRefConvertedValue
                        0x20002d94    0x4  Data  Gb  adc_monitor.o [1]
uwTick                  0x20002e78    0x4  Data  Gb  stm32l0xx_hal.o [1]
xdot_at_cmd_exec        0x0800f8bd   0x84  Code  Lc  xdot.o [1]
xdot_at_cmd_exec::__func__
                        0x0800f960   0x14  Data  Lc  xdot.o [1]
xdot_at_cmd_get         0x08013811    0xa  Code  Gb  xdot_at_cmd.o [1]
xdot_at_cmd_set_int     0x080137c1   0x10  Code  Gb  xdot_at_cmd.o [1]
xdot_at_cmd_set_int_ne  0x080137f1   0x10  Code  Gb  xdot_at_cmd.o [1]
xdot_at_cmd_set_int_w_str
                        0x08013801   0x10  Code  Gb  xdot_at_cmd.o [1]
xdot_at_cmd_set_noargs  0x080137b5    0xc  Code  Gb  xdot_at_cmd.o [1]
xdot_at_cmd_set_str     0x080137d1    0xe  Code  Gb  xdot_at_cmd.o [1]
xdot_at_resp_hash_add   0x08013727   0x18  Code  Lc  xdot_at_resp.o [1]
xdot_at_resp_hash_char  0x08013705    0x8  Code  Gb  xdot_at_resp.o [1]
xdot_at_resp_hash_init  0x08013759   0x30  Code  Gb  xdot_at_resp.o [1]
xdot_at_resp_hash_search
                        0x0801373f   0x1a  Code  Gb  xdot_at_resp.o [1]
xdot_at_resp_hash_str   0x0801370d   0x1a  Code  Gb  xdot_at_resp.o [1]
xdot_bytes_to_hex       0x0800e7ed   0x44  Code  Gb  xdot_hex.o [1]
xdot_configure          0x080108f9    0xc  Code  Lc  xdot.o [1]
xdot_get_device_id      0x080100a5   0x7c  Code  Lc  xdot.o [1]
xdot_get_resp           0x0800f795   0xac  Code  Lc  xdot.o [1]
xdot_get_sf_dr          0x0800f9a9    0xe  Code  Lc  xdot.o [1]
xdot_hex_to_bytes       0x0800e797   0x54  Code  Gb  xdot_hex.o [1]
xdot_hex_to_nibble      0x0800e76d   0x2a  Code  Lc  xdot_hex.o [1]
xdot_ping               0x08010145   0xb8  Code  Lc  xdot.o [1]
xdot_recv               0x0800fe65   0x8c  Code  Lc  xdot.o [1]
xdot_recv::__func__     0x0800fef0    0xc  Data  Lc  xdot.o [1]
xdot_reset_mcu          0x08010005   0x66  Code  Lc  xdot.o [1]
xdot_reset_mcu::__func__
                        0x0801006c   0x10  Data  Lc  xdot.o [1]
xdot_resp_wait          0x0800f841   0x40  Code  Lc  xdot.o [1]
xdot_resp_wait::__func__
                        0x0800f880   0x10  Data  Lc  xdot.o [1]
xdot_send               0x0800fce9   0xc2  Code  Lc  xdot.o [1]
xdot_send::__func__     0x0800fe30    0xc  Data  Lc  xdot.o [1]
xdot_send_data          0x0800fb09  0x1a2  Code  Lc  xdot.o [1]
xdot_send_data::__func__
                        0x0800fcac   0x10  Data  Lc  xdot.o [1]
xdot_set_post_join_settings
                        0x0800faad   0x46  Code  Lc  xdot.o [1]
xdot_set_pre_join_settings
                        0x0800fa01   0x8a  Code  Lc  xdot.o [1]
xdot_set_test_mode_enabled
                        0x0801081d   0x96  Code  Lc  xdot.o [1]
xdot_set_tx_power       0x0801021d   0x54  Code  Lc  xdot.o [1]
xdot_set_tx_power::__func__
                        0x08010280   0x14  Data  Lc  xdot.o [1]
xdot_setup              0x080102c1  0x262  Code  Lc  xdot.o [1]
xdot_setup::__func__    0x080162b4    0xc  Data  Lc  xdot.o [1]
xdot_sleep              0x0800ff31   0x6c  Code  Lc  xdot.o [1]
xdot_sleep::__func__    0x0800ffa8    0xc  Data  Lc  xdot.o [1]
xdot_test_mode_disable::__func__
                        0x080108b4   0x18  Data  Lc  xdot.o [1]
xdot_test_mode_enable   0x0801064d   0xd8  Code  Lc  xdot.o [1]
xdot_test_mode_enable::__func__
                        0x08010738   0x18  Data  Lc  xdot.o [1]


[1] = D:\work\PNI\Placepod\code\RC4_USA\ParkingXDotHost\EWARM\ParkingXdot\Obj
[2] = command line
[3] = dl6M_tlf.a
[4] = m6M_tl.a
[5] = rt6M_tl.a
[6] = shb_l.a

  69 440 bytes of readonly  code memory
   1 720 bytes of readonly  data memory
  11 907 bytes of readwrite data memory

Errors: none
Warnings: none
